warning: No library characterized for (process = 1.00 voltage = 0.85 temperature = 25.00) can be found in the database for power domain '/PD_TOP'  [NL-174]
Report Power (instances with prefix '*' are included in total) : 
-----+---------------+--------------------+---------------------+-------------------+-----------------
     | Instance      | Internal Power(uw) | Switching Power(uw) | Leakage Power(uw) | Total Power(uw) 
-----+---------------+--------------------+---------------------+-------------------+-----------------
1    |*t1            |         3301.405029|          7181.309082|         184.712311|     10667.425781
2    |*Register_inst1|           34.177113|           102.137329|           2.531593|       138.846039
3    |*Register_inst2|           34.121731|            51.180496|           2.531593|        87.833817
4    |*Register_inst3|           67.840401|            62.958263|           5.063188|       135.861862
5    |               |                    |                     |                   |                 
6    |*TOTAL         |         3437.544189|          7397.584961|         194.838684|     11029.967773
-----+---------------+--------------------+---------------------+-------------------+-----------------
