Report for group default
------------------------------------------------------------------------------------------------------------------------------------------------------------
Startpoint: Register_inst1/out_reg[6]/Q
    (Clocked by vsysclk R)
Endpoint: Register_inst3/out_reg[61]/D
    (Clocked by vsysclk R)
Path Group: default
Data required time: 3958.3
    (Clock shift: 4000.0, minus Uncertainty: 0.0, plus Latency 0.0, minus Setup time: 41.7)
Data arrival time: 3923.0
Slack: 35.3
Logic depth: 115
------------------------------------------------------------------------------------------------------------------------------------------------------------
                                                     Arrival               Arc      Net               Net    Total   fan-                                   
Path                     Module/Cell           Edge     Time    Delay    Delay    Delay     Slew     Load     Load    out     Location Power Domain      (V)
                                                        (ps)     (ps)     (ps)     (ps)     (ps)     (ff)     (ff)    (#)      (um,um)                      
------------------------------------------------------------------------------------------------------------------------------------------------------------
clk                      {create_clock}           r      0.0      0.0      0.0                        0.0      0.0    128     0,  129                       
Register_inst1/out_reg[6]/CK->Q
                         DFF_X1*                 rf    118.6    118.6    118.6      0.0      0.0      5.5     36.2      3    48,  134  /PD_TOP        (1.10)
t1/i_0_0/i_148/A->ZN     INV_X8                  fr    135.8     17.2     16.2      1.0     15.3      0.9     12.7      3   132,  131  /PD_TOP        (1.10)
t1/i_0_0/i_147/A3->ZN    NAND4_X4                rf    186.3     50.5     50.5      0.0      7.4      0.3     25.8      1   132,  131  /PD_TOP        (1.10)
t1/i_0_0/i_146/A->ZN     INV_X8                  fr    205.6     19.3     19.3      0.0     33.5      0.6      8.1      2   132,  131  /PD_TOP        (1.10)
t1/i_0_0/i_145/A1->ZN    NAND4_X4                rf    248.1     42.5     42.5      0.0      6.2      0.3     25.8      1   132,  131  /PD_TOP        (1.10)
t1/i_0_0/i_144/A->ZN     INV_X8                  fr    273.4     25.3     25.3      0.0     33.5      1.7     19.8      5   132,  131  /PD_TOP        (1.10)
t1/i_0_0/i_114/A1->ZN    NAND2_X4*               rf    302.2     28.8     28.8      0.0      9.1      0.8     33.4      3   132,  131  /PD_TOP        (1.10)
t1/i_0_0/i_113/A->ZN     INV_X8                  fr    326.8     24.6     24.6      0.0     15.3      3.0     38.3      9   132,  131  /PD_TOP        (1.10)
t1/i_0_0/i_112/A1->ZN    NAND2_X4*               rf    355.3     28.5     28.4      0.1     13.9      0.5     29.7      2   132,  131  /PD_TOP        (1.10)
t1/i_0_0/i_67/A1->ZN     NAND2_X4                fr    372.3     17.0     17.0      0.0     15.3      0.3      4.0      1   132,  131  /PD_TOP        (1.10)
t1/i_0_0/i_66/A1->ZN     NAND2_X4                rf    396.2     23.9     23.9      0.0      9.4      0.3     25.7      1   132,  131  /PD_TOP        (1.10)
t1/i_0_0/i_65/A->ZN      INV_X8                  fr    408.8     12.6     12.6      0.0     15.7      0.3      4.2      1   132,  131  /PD_TOP        (1.10)
t1/i_0_1_128/A2->ZN      NAND2_X4                rf    421.2     12.4     12.4      0.0      5.3      0.3      4.2      1   132,  131  /PD_TOP        (1.10)
t1/i_0_1_122/A2->ZN      NAND2_X4*               fr    453.0     31.8     31.8      0.0      6.9      4.6     30.1      1   132,  131  /PD_TOP        (1.10)
t1/i_4_0_39/A->ZN        INV_X32                 rf    469.4     16.4     15.5      0.9     15.3      8.4    141.9     32   133,   50  /PD_TOP        (1.10)
t1/i_4_0_118/A2->ZN      NOR2_X4                 fr    516.6     47.2     47.0      0.2      7.7      8.7     19.6      3   133,   50  /PD_TOP        (1.10)
t1/p1/fa20/i_0_3/A->ZN   XNOR2_X2                rr    564.0     47.4     44.9      2.5     33.1      0.3      4.0      1    38,   97  /PD_TOP        (1.10)
t1/p1/fa20/i_0_2/B->ZN   XNOR2_X2                rr    615.9     51.9     51.9      0.0     22.6      3.6     11.6      2    38,   97  /PD_TOP        (1.10)
t1/genblk1_1_p2/fa19/i_0_0/A1->ZN
                         NAND2_X4*               rf    654.4     38.1     38.1      0.0     40.3      0.6     29.9      2    83,   84  /PD_TOP        (1.10)
t1/genblk1_1_p2/fa19/i_0_3/A->ZN
                         OAI21_X4                fr    679.7     25.3     25.3      0.0     15.3      0.6      7.7      2    83,   84  /PD_TOP        (1.10)
t1/genblk1_2_p2/fa19/i_0_3/A->ZN
                         XNOR2_X2*               rr    751.9     72.6     72.2      0.4     22.3      0.6     30.3      2    83,   84  /PD_TOP        (1.10)
t1/genblk1_2_p2/fa19/i_0_5/A->ZN
                         INV_X8                  rf    758.8      6.9      6.9      0.0     15.3      0.3      4.4      1    83,   84  /PD_TOP        (1.10)
t1/genblk1_2_p2/fa19/i_0_6/B2->ZN
                         AOI22_X4                fr    816.4     57.6     57.6      0.0      3.5      1.3     15.1      4    83,   84  /PD_TOP        (1.10)
t1/genblk1_3_p2/fa18/i_0_5/A1->ZN
                         AND3_X4                 rr    863.0     46.6     46.6      0.0     37.7      0.3      4.5      1    83,   84  /PD_TOP        (1.10)
t1/genblk1_3_p2/fa18/i_0_7/A1->ZN
                         NOR2_X4                 rf    874.5     11.5     11.5      0.0      9.5      0.8     12.5      3    83,   84  /PD_TOP        (1.10)
t1/genblk1_4_p2/fa17/i_0_3/B->ZN
                         XNOR2_X2                ff    912.3     37.8     37.8      0.0      7.5      0.3      4.0      1    83,   84  /PD_TOP        (1.10)
t1/genblk1_4_p2/fa17/i_0_2/B->ZN
                         XNOR2_X2                ff    961.2     48.9     48.9      0.0     11.0      0.8     12.5      3    83,   84  /PD_TOP        (1.10)
t1/genblk1_5_p2/fa16/i_0_1/B2->ZN
                         OAI21_X4                fr    996.4     35.2     35.2      0.0     18.5      0.3      4.2      1    83,   84  /PD_TOP        (1.10)
t1/genblk1_5_p2/fa16/i_0_0/A2->ZN
                         NAND2_X4                rf   1016.1     19.7     19.7      0.0     18.3      0.8     10.7      3    83,   84  /PD_TOP        (1.10)
t1/genblk1_6_p2/fa16/i_0_2/A1->ZN
                         OR2_X4                  ff   1058.3     42.2     42.2      0.0      9.5      0.6      6.6      2    83,   84  /PD_TOP        (1.10)
t1/genblk1_6_p2/fa16/i_0_5/A1->ZN
                         AND3_X4                 ff   1086.5     28.2     28.2      0.0      8.9      0.3      4.5      1    83,   84  /PD_TOP        (1.10)
t1/genblk1_6_p2/fa16/i_0_7/A1->ZN
                         NOR2_X4                 fr   1119.0     32.5     32.5      0.0      6.2      0.8     12.5      3    83,   84  /PD_TOP        (1.10)
t1/genblk1_7_p2/fa15/i_0_3/B->ZN
                         XNOR2_X2                rr   1162.0     43.0     43.0      0.0     24.9      0.3      4.0      1    83,   84  /PD_TOP        (1.10)
t1/genblk1_7_p2/fa15/i_0_2/B->ZN
                         XNOR2_X2                rr   1215.0     53.0     53.0      0.0     22.6      0.8     12.5      3    83,   84  /PD_TOP        (1.10)
t1/genblk1_8_p2/fa14/i_0_3/B->ZN
                         XNOR2_X2                rr   1261.5     46.5     46.5      0.0     42.4      0.3      4.0      1    83,   84  /PD_TOP        (1.10)
t1/genblk1_8_p2/fa14/i_0_2/B->ZN
                         XNOR2_X2                rr   1314.5     53.0     53.0      0.0     22.6      0.8     12.5      3    83,   84  /PD_TOP        (1.10)
t1/genblk1_9_p2/fa13/i_0_3/B->ZN
                         XNOR2_X2                rr   1361.0     46.5     46.5      0.0     42.4      0.3      4.0      1    83,   84  /PD_TOP        (1.10)
t1/genblk1_9_p2/fa13/i_0_2/B->ZN
                         XNOR2_X2                rr   1414.0     53.0     53.0      0.0     22.6      0.8     12.5      3    83,   84  /PD_TOP        (1.10)
t1/genblk1_10_p2/fa12/i_0_3/B->ZN
                         XNOR2_X2                rr   1460.5     46.5     46.5      0.0     42.4      0.3      4.0      1    83,   84  /PD_TOP        (1.10)
t1/genblk1_10_p2/fa12/i_0_2/B->ZN
                         XNOR2_X2                rr   1513.5     53.0     53.0      0.0     22.6      0.8     12.5      3    83,   84  /PD_TOP        (1.10)
t1/genblk1_11_p2/fa11/i_0_3/B->ZN
                         XNOR2_X2                rr   1560.0     46.5     46.5      0.0     42.4      0.3      4.0      1    83,   84  /PD_TOP        (1.10)
t1/genblk1_11_p2/fa11/i_0_2/B->ZN
                         XNOR2_X2                rr   1613.0     53.0     53.0      0.0     22.6      0.8     12.5      3    83,   84  /PD_TOP        (1.10)
t1/genblk1_12_p2/fa10/i_0_3/B->ZN
                         XNOR2_X2                rr   1659.5     46.5     46.5      0.0     42.4      0.3      4.0      1    83,   84  /PD_TOP        (1.10)
t1/genblk1_12_p2/fa10/i_0_2/B->ZN
                         XNOR2_X2                rr   1712.5     53.0     53.0      0.0     22.6      0.8     12.5      3    83,   84  /PD_TOP        (1.10)
t1/genblk1_13_p2/fa9/i_0_3/B->ZN
                         XNOR2_X2                rr   1759.0     46.5     46.5      0.0     42.4      0.3      4.0      1    83,   84  /PD_TOP        (1.10)
t1/genblk1_13_p2/fa9/i_0_2/B->ZN
                         XNOR2_X2                rr   1812.0     53.0     53.0      0.0     22.6      0.8     12.5      3    83,   84  /PD_TOP        (1.10)
t1/genblk1_14_p2/fa8/i_0_3/B->ZN
                         XNOR2_X2                rr   1858.5     46.5     46.5      0.0     42.4      0.3      4.0      1    83,   84  /PD_TOP        (1.10)
t1/genblk1_14_p2/fa8/i_0_2/B->ZN
                         XNOR2_X2                rr   1911.5     53.0     53.0      0.0     22.6      0.8     12.5      3    83,   84  /PD_TOP        (1.10)
t1/genblk1_15_p2/fa7/i_0_3/B->ZN
                         XNOR2_X2                rr   1958.0     46.5     46.5      0.0     42.4      0.3      4.0      1    83,   84  /PD_TOP        (1.10)
t1/genblk1_15_p2/fa7/i_0_2/B->ZN
                         XNOR2_X2                rr   2011.0     53.0     53.0      0.0     22.6      0.8     12.5      3    83,   84  /PD_TOP        (1.10)
t1/genblk1_16_p2/fa6/i_0_3/B->ZN
                         XNOR2_X2                rr   2057.5     46.5     46.5      0.0     42.4      0.3      4.0      1    83,   84  /PD_TOP        (1.10)
t1/genblk1_16_p2/fa6/i_0_2/B->ZN
                         XNOR2_X2                rr   2110.5     53.0     53.0      0.0     22.6      0.8     12.5      3    83,   84  /PD_TOP        (1.10)
t1/genblk1_17_p2/fa5/i_0_1/B2->ZN
                         OAI21_X4                rf   2134.9     24.4     24.4      0.0     42.4      0.3      4.2      1    83,   84  /PD_TOP        (1.10)
t1/genblk1_17_p2/fa5/i_0_0/A2->ZN
                         NAND2_X4*               fr   2167.3     32.4     32.4      0.0      9.4      0.5     29.1      2    83,   84  /PD_TOP        (1.10)
t1/genblk1_18_p2/fa5/i_0_5/A->ZN
                         INV_X8                  rf   2174.2      6.9      6.9      0.0     15.3      0.3      4.3      1    83,   84  /PD_TOP        (1.10)
t1/genblk1_18_p2/fa5/i_0_0/B2->ZN
                         OAI21_X4*               fr   2236.2     62.0     62.0      0.0      3.5      0.8     32.2      3    83,   84  /PD_TOP        (1.10)
t1/genblk1_19_p2/fa5/i_0_5/A1->ZN
                         NAND2_X4                rf   2252.2     16.0     16.0      0.0     15.3      0.6      7.1      2    83,   84  /PD_TOP        (1.10)
t1/genblk1_19_p2/fa5/i_0_6/A3->ZN
                         AND3_X4                 ff   2284.4     32.2     32.2      0.0      8.1      0.3      4.5      1    83,   84  /PD_TOP        (1.10)
t1/genblk1_19_p2/fa5/i_0_8/A1->ZN
                         NOR2_X4                 fr   2316.9     32.5     32.5      0.0      6.2      0.8     12.5      3    83,   84  /PD_TOP        (1.10)
t1/genblk1_20_p2/fa4/i_0_1/B2->ZN
                         OAI21_X4                rf   2337.6     20.7     20.7      0.0     24.9      0.3      4.2      1    83,   84  /PD_TOP        (1.10)
t1/genblk1_20_p2/fa4/i_0_0/A2->ZN
                         NAND2_X4*               fr   2370.0     32.4     32.4      0.0      9.4      0.5     29.1      2    83,   84  /PD_TOP        (1.10)
t1/genblk1_21_p2/fa4/i_0_5/A->ZN
                         INV_X8                  rf   2376.9      6.9      6.9      0.0     15.3      0.3      4.3      1    83,   84  /PD_TOP        (1.10)
t1/genblk1_21_p2/fa4/i_0_0/B2->ZN
                         OAI21_X4*               fr   2439.9     63.0     63.0      0.0      3.5      0.9     34.0      3    83,   84  /PD_TOP        (1.10)
t1/genblk1_22_p2/fa4/i_0_10/A->ZN
                         INV_X8                  rf   2446.7      6.8      6.8      0.0     15.3      0.3      4.0      1    83,   84  /PD_TOP        (1.10)
t1/genblk1_22_p2/fa4/i_0_9/A1->ZN
                         NAND2_X4                fr   2458.0     11.3     11.3      0.0      3.4      0.3      4.0      1    83,   84  /PD_TOP        (1.10)
t1/genblk1_22_p2/fa4/i_0_8/A1->ZN
                         NAND2_X4*               rf   2484.7     26.7     26.7      0.0      9.4      0.5     29.9      2    83,   84  /PD_TOP        (1.10)
t1/genblk1_22_p2/fa4/i_0_7/A->ZN
                         INV_X8                  fr   2497.2     12.5     12.5      0.0     15.3      0.3      4.2      1    83,   84  /PD_TOP        (1.10)
t1/genblk1_22_p2/fa4/i_0_6/A2->ZN
                         NAND2_X4                rf   2509.5     12.3     12.3      0.0      5.3      0.3      4.0      1    83,   84  /PD_TOP        (1.10)
t1/genblk1_22_p2/fa4/i_0_4/A1->ZN
                         NAND2_X4                fr   2535.8     26.3     26.3      0.0      6.9      0.3     25.7      1    83,   84  /PD_TOP        (1.10)
t1/genblk1_22_p2/fa4/i_0_3/A->ZN
                         INV_X8                  rf   2545.8     10.0     10.0      0.0     21.3      0.8     12.5      3    83,   84  /PD_TOP        (1.10)
t1/genblk1_23_p2/fa3/i_0_1/B2->ZN
                         OAI21_X4                fr   2575.4     29.6     29.6      0.0      4.4      0.3      4.2      1    83,   84  /PD_TOP        (1.10)
t1/genblk1_23_p2/fa3/i_0_0/A2->ZN
                         NAND2_X4*               rf   2605.6     30.2     30.2      0.0     18.3      0.5     29.1      2    83,   84  /PD_TOP        (1.10)
t1/genblk1_24_p2/fa3/i_0_5/A->ZN
                         INV_X8                  fr   2618.1     12.5     12.5      0.0     15.3      0.3      4.3      1    83,   84  /PD_TOP        (1.10)
t1/genblk1_24_p2/fa3/i_0_0/B2->ZN
                         OAI21_X4                rf   2634.3     16.2     16.2      0.0      5.3      0.6      7.7      2    83,   84  /PD_TOP        (1.10)
t1/genblk1_25_p2/fa3/i_0_4/A->ZN
                         OAI21_X4                fr   2655.1     20.8     20.8      0.0     10.8      0.3      4.1      1    83,   84  /PD_TOP        (1.10)
t1/genblk1_25_p2/fa3/i_0_0/A1->ZN
                         NAND2_X4                rf   2674.5     19.4     19.4      0.0     18.1      0.8     11.1      3    83,   84  /PD_TOP        (1.10)
t1/genblk1_26_p2/fa3/i_0_4/A1->ZN
                         AND2_X4                 ff   2702.4     27.9     27.9      0.0      9.6      0.6      6.9      2    83,   84  /PD_TOP        (1.10)
t1/genblk1_26_p2/fa3/i_0_7/A1->ZN
                         OR2_X4                  ff   2741.6     39.2     39.2      0.0      6.2      0.3      4.3      1    83,   84  /PD_TOP        (1.10)
t1/genblk1_26_p2/fa3/i_0_8/B1->ZN
                         AOI21_X4                fr   2773.0     31.4     31.4      0.0      8.3      0.6      8.6      2    83,   84  /PD_TOP        (1.10)
t1/genblk1_27_p2/fa2/i_0_2/A1->ZN
                         NAND2_X4*               rf   2806.4     33.4     33.4      0.0     26.7      0.6     30.2      2    83,   84  /PD_TOP        (1.10)
t1/genblk1_27_p2/fa2/i_0_3/B2->ZN
                         AOI21_X4                fr   2844.4     38.0     38.0      0.0     15.3      0.6      7.7      2    83,   84  /PD_TOP        (1.10)
t1/genblk1_28_p2/fa2/i_0_1/A->ZN
                         OAI21_X4                rf   2866.7     22.3     22.3      0.0     25.6      0.3      4.2      1    83,   84  /PD_TOP        (1.10)
t1/genblk1_28_p2/fa2/i_0_0/A2->ZN
                         NAND2_X4*               fr   2902.1     35.4     35.4      0.0      9.4      0.8     33.9      3    83,   84  /PD_TOP        (1.10)
t1/genblk1_29_p2/fa2/i_0_10/A->ZN
                         INV_X8                  rf   2908.9      6.8      6.8      0.0     15.3      0.3      4.0      1    83,   84  /PD_TOP        (1.10)
t1/genblk1_29_p2/fa2/i_0_8/A1->ZN
                         NAND2_X4                fr   2923.0     14.1     14.1      0.0      3.4      0.6      8.6      2    83,   84  /PD_TOP        (1.10)
t1/genblk1_29_p2/fa2/i_0_5/A1->ZN
                         NAND3_X4                rf   2957.5     34.5     34.5      0.0     11.7      0.3     25.7      1    83,   84  /PD_TOP        (1.10)
t1/genblk1_29_p2/fa2/i_0_4/A->ZN
                         INV_X8                  fr   2972.5     15.0     15.0      0.0     24.4      0.3      4.5      1    83,   84  /PD_TOP        (1.10)
t1/genblk1_29_p2/fa2/i_0_3/A1->ZN
                         NOR2_X4                 rf   2980.6      8.1      8.1      0.0      5.3      0.5      6.7      2    83,   84  /PD_TOP        (1.10)
t1/final/i_0/i_110/A2->ZN
                         OR2_X4                  ff   3029.6     49.0     49.0      0.0      6.1      0.8     12.8      3    83,   84  /PD_TOP        (1.10)
t1/final/i_0/i_109/A2->ZN
                         NAND3_X4                fr   3051.3     21.7     21.7      0.0     10.6      0.6      8.3      2    83,   84  /PD_TOP        (1.10)
t1/final/i_0/i_106/A1->ZN
                         NAND3_X4                rf   3073.9     22.6     22.6      0.0     14.4      0.6      8.3      2    83,   84  /PD_TOP        (1.10)
t1/final/i_0/i_103/A1->ZN
                         NAND3_X4                fr   3094.6     20.7     20.7      0.0     13.3      0.6      8.3      2    83,   84  /PD_TOP        (1.10)
t1/final/i_0/i_100/A1->ZN
                         NAND3_X4                rf   3120.3     25.7     25.7      0.0     14.4      0.9     12.5      3    83,   84  /PD_TOP        (1.10)
t1/final/i_0/i_93/A1->ZN NAND3_X4                fr   3138.7     18.4     18.4      0.0     16.0      0.4      2.8      1    83,   84  /PD_TOP        (1.10)
t1/final/i_0/i_92/C2->ZN OAI221_X4               rf   3213.4     74.7     74.7      0.0     11.5      0.9     33.2      3    83,   84  /PD_TOP        (1.10)
t1/final/i_0/i_158/A->ZN INV_X8                  fr   3224.1     10.7     10.7      0.0     12.3      0.3      2.7      1    83,   84  /PD_TOP        (1.10)
t1/final/i_0/i_160/A->ZN AOI211_X2               rf   3236.7     12.6     12.6      0.0      4.9      0.4      4.5      1    83,   84  /PD_TOP        (1.10)
t1/final/i_0/i_164/A1->ZN
                         NOR4_X4                 fr   3304.9     68.2     68.2      0.0      9.8      1.0     12.6      3    83,   84  /PD_TOP        (1.10)
t1/final/i_0/i_166/A1->ZN
                         NOR3_X2                 rf   3314.8      9.9      9.9      0.0     62.8      0.3      2.5      1    83,   84  /PD_TOP        (1.10)
t1/final/i_0/i_170/A1->ZN
                         OR4_X4                  ff   3393.0     78.2     78.2      0.0      6.1      1.0     10.9      3    83,   84  /PD_TOP        (1.10)
t1/final/i_0/i_177/C1->ZN
                         AOI211_X4               fr   3487.8     94.8     94.8      0.0     17.9      1.6     21.0      5    83,   84  /PD_TOP        (1.10)
t1/final/i_0/i_178/C1->ZN
                         OAI211_X4               rf   3512.2     24.4     24.4      0.0     15.7      0.6      8.2      2    83,   84  /PD_TOP        (1.10)
t1/final/i_0/i_189/A1->ZN
                         NAND2_X4                fr   3530.3     18.1     18.1      0.0     17.0      0.3      4.5      1    83,   84  /PD_TOP        (1.10)
t1/final/i_0/i_188/B2->ZN
                         AOI21_X4                rf   3544.6     14.3     14.3      0.0      9.6      0.3      3.4      1    83,   84  /PD_TOP        (1.10)
t1/final/i_0/i_186/A->ZN XNOR2_X2                ff   3595.6     51.0     51.0      0.0      7.4      6.3     17.8      4    83,   84  /PD_TOP        (1.10)
t1/i_0_36/i_188/A1->ZN   NOR2_X4                 fr   3626.7     31.1     29.9      1.2     23.1      0.3      4.7      1   132,  131  /PD_TOP        (1.10)
t1/i_0_36/i_187/A3->ZN   NAND3_X4                rf   3665.4     38.7     38.7      0.0     15.9      0.3     25.7      1   132,  131  /PD_TOP        (1.10)
t1/i_0_36/i_298/A->ZN    INV_X8                  fr   3682.3     16.9     16.9      0.0     24.4      0.6      8.1      2   132,  131  /PD_TOP        (1.10)
t1/i_0_36/i_261/A1->ZN   NAND4_X4                rf   3724.8     42.5     42.5      0.0      6.3      0.3     25.8      1   132,  131  /PD_TOP        (1.10)
t1/i_0_36/i_260/A->ZN    INV_X8                  fr   3744.1     19.3     19.3      0.0     33.5      0.6      8.2      2   132,  131  /PD_TOP        (1.10)
t1/i_0_36/i_258/A2->ZN   NAND4_X4*               rf   3808.4     64.3     64.3      0.0      6.3      1.2     60.0      4   132,  131  /PD_TOP        (1.10)
t1/i_0_36/i_257/A->ZN    INV_X8                  fr   3820.9     12.5     12.5      0.0     15.3      0.3      4.2      1   132,  131  /PD_TOP        (1.10)
t1/i_0_36/i_256/A2->ZN   NAND2_X4                rf   3833.2     12.3     12.3      0.0      5.3      0.3      4.0      1   132,  131  /PD_TOP        (1.10)
t1/i_0_36/i_254/A1->ZN   NAND2_X4                fr   3859.5     26.3     26.3      0.0      6.9      0.3     25.7      1   132,  131  /PD_TOP        (1.10)
t1/i_0_36/i_253/A->ZN    INV_X4                  rf   3865.4      5.9      5.9      0.0     21.3      0.3      1.6      1   132,  131  /PD_TOP        (1.10)
t1/i_0_1_127/A->Z        MUX2_X2                 ff   3922.0     56.6     56.6      0.0      3.2      4.9      6.1      1   132,  131  /PD_TOP        (1.10)
Register_inst3/out_reg[61]/D
                         DFF_X1                   f   3923.0      1.0               1.0     12.1                             48,  134  /PD_TOP        (1.10)
------------------------------------------------------------------------------------------------------------------------------------------------------------
Report for group I2R
------------------------------------------------------------------------------------------------------------------------------------------------------------
Startpoint: a[29]
    (Clocked by vsysclk R)
Endpoint: Register_inst1/out_reg[29]/D
    (Clocked by vsysclk R)
Path Group: I2R
Data required time: 3970.9
    (Clock shift: 4000.0, minus Uncertainty: 0.0, plus Latency 0.0, minus Setup time: 29.1)
Data arrival time: 200.4
Slack: 3770.5
Logic depth: 0
------------------------------------------------------------------------------------------------------------------------------------------------------------
                                                     Arrival               Arc      Net               Net    Total   fan-                                   
Path                     Module/Cell           Edge     Time    Delay    Delay    Delay     Slew     Load     Load    out     Location Power Domain      (V)
                                                        (ps)     (ps)     (ps)     (ps)     (ps)     (ff)     (ff)    (#)      (um,um)                      
------------------------------------------------------------------------------------------------------------------------------------------------------------
a[29]                    {set_input_delay}        r    200.0    200.0    200.0                        3.3      4.5      1     0,  123                       
Register_inst1/out_reg[29]/D
                         DFF_X1                   r    200.4      0.4               0.4      0.0                             48,  134  /PD_TOP        (1.10)
------------------------------------------------------------------------------------------------------------------------------------------------------------
Report for group I2O
Report for group R2O
------------------------------------------------------------------------------------------------------------------------------------------------------------
Startpoint: Register_inst3/out_reg[61]/Q
    (Clocked by vsysclk R)
Endpoint: data[61]
    (Clocked by vsysclk R)
Path Group: R2O
Data required time: 3500.0
    (Clock shift: 4000.0, minus Uncertainty: 0.0, plus Latency 0.0, minus Out delay: 500.0)
Data arrival time: 96.6
Slack: 3403.4
Logic depth: 0
------------------------------------------------------------------------------------------------------------------------------------------------------------
                                                     Arrival               Arc      Net               Net    Total   fan-                                   
Path                     Module/Cell           Edge     Time    Delay    Delay    Delay     Slew     Load     Load    out     Location Power Domain      (V)
                                                        (ps)     (ps)     (ps)     (ps)     (ps)     (ff)     (ff)    (#)      (um,um)                      
------------------------------------------------------------------------------------------------------------------------------------------------------------
clk                      {create_clock}           r      0.0      0.0      0.0                        0.0      0.0    128     0,  129                       
Register_inst3/out_reg[61]/CK->Q
                         DFF_X1                  rf     96.1     96.1     96.1      0.0      0.0      3.6     13.6      1    48,  134  /PD_TOP        (1.10)
data[61]                                          f     96.6      0.5               0.5     17.5                              0,  119                       
------------------------------------------------------------------------------------------------------------------------------------------------------------
