Report for group default
------------------------------------------------------------------------------------------------------------------------------------------------------------
Startpoint: regA/out_reg[4]/Q
    (Clocked by sysclk R)
Endpoint: outB/out_reg[29]/D
    (Clocked by sysclk R)
Path Group: default
Data required time: 3961.3
    (Clock shift: 4000.0, minus Uncertainty: 0.0, plus Latency 0.0, minus Setup time: 38.7)
Data arrival time: 3211.3
Slack: 750.0
Logic depth: 87
------------------------------------------------------------------------------------------------------------------------------------------------------------
                                                     Arrival               Arc      Net               Net    Total   fan-                                   
Path                     Module/Cell           Edge     Time    Delay    Delay    Delay     Slew     Load     Load    out     Location Power Domain      (V)
                                                        (ps)     (ps)     (ps)     (ps)     (ps)     (ff)     (ff)    (#)      (um,um)                      
------------------------------------------------------------------------------------------------------------------------------------------------------------
clk                      {create_clock}           r      0.0      0.0      0.0                        0.0      0.0      4   161,  119                       
regA/clk_gate_out_reg/CK->GCK
                         CLKGATETST_X1           rr      0.0      0.0      0.0      0.0      0.0      0.0      0.0     32   115,  113  /PD_TOP        (1.10)
regA/out_reg[4]/CK->Q    DFF_X1*                 rr    177.8    177.8    177.8      0.0      0.0      4.3    162.3     32   115,  113  /PD_TOP        (1.10)
mult/i_0/i_3198/A2->ZN   NAND2_X4                rf    199.3     21.5     20.8      0.7     15.3      1.2     14.2      4    75,   76  /PD_TOP        (1.10)
mult/i_0/i_3303/A->ZN    XNOR2_X2                ff    239.1     39.8     39.8      0.0     10.9      0.6      5.3      2    75,   76  /PD_TOP        (1.10)
mult/i_0/i_3302/A3->ZN   OAI33_X1*               fr    498.2    259.1    259.1      0.0     12.1      0.7     30.2      2    75,   76  /PD_TOP        (1.10)
mult/i_0/i_3296/B2->ZN   OAI22_X4                rf    523.9     25.7     25.7      0.0     15.3      0.7      8.4      2    75,   76  /PD_TOP        (1.10)
mult/i_0/i_3295/B2->ZN   OAI22_X4                fr    574.0     50.1     50.1      0.0     12.7      0.6      8.4      2    75,   76  /PD_TOP        (1.10)
mult/i_0/i_3290/A1->ZN   NAND2_X4                rf    594.8     20.8     20.8      0.0     35.3      0.6      8.5      2    75,   76  /PD_TOP        (1.10)
mult/i_0/i_3289/A->ZN    OAI21_X4                fr    616.8     22.0     22.0      0.0      8.6      0.6      7.9      2    75,   76  /PD_TOP        (1.10)
mult/i_0/i_3283/A->Z     XOR2_X2                 rr    682.9     66.1     66.1      0.0     22.6      0.6      8.4      2    75,   76  /PD_TOP        (1.10)
mult/i_0/i_3276/A1->ZN   NAND2_X4                rf    706.9     24.0     24.0      0.0     35.9      0.9     12.1      3    75,   76  /PD_TOP        (1.10)
mult/i_0/i_3275/B2->ZN   OAI21_X4                fr    744.2     37.3     37.3      0.0     10.0      0.6      8.4      2    75,   76  /PD_TOP        (1.10)
mult/i_0/i_3238/A1->ZN   NAND2_X4*               rf    776.2     32.0     32.0      0.0     23.1      0.6     29.9      2    75,   76  /PD_TOP        (1.10)
mult/i_0/i_3237/A->ZN    INV_X8                  fr    790.5     14.3     14.3      0.0     15.3      0.6      8.3      2    75,   76  /PD_TOP        (1.10)
mult/i_0/i_3224/A1->ZN   NAND2_X4*               rf    816.1     25.6     25.6      0.0      6.3      0.6     29.9      2    75,   76  /PD_TOP        (1.10)
mult/i_0/i_48/A->ZN      OAI21_X4*               fr    855.0     38.9     38.9      0.0     15.3      0.6     29.5      2    75,   76  /PD_TOP        (1.10)
mult/i_0/i_49/B->Z       XOR2_X2                 rr    917.6     62.6     62.6      0.0     15.3      0.6      8.4      2    75,   76  /PD_TOP        (1.10)
mult/i_0/i_52/A2->ZN     OAI22_X4                rf    947.6     30.0     30.0      0.0     35.9      0.7      7.8      2    75,   76  /PD_TOP        (1.10)
mult/i_0/i_71/A1->ZN     AOI22_X4                fr    983.1     35.5     35.5      0.0     12.5      0.6      6.5      2    75,   76  /PD_TOP        (1.10)
mult/i_0/i_94/A1->ZN     OR2_X4*                 rr   1025.4     42.3     42.3      0.0     27.6      0.5     29.9      2    75,   76  /PD_TOP        (1.10)
mult/i_0/i_101/A->ZN     INV_X8                  rf   1032.3      6.9      6.9      0.0     15.3      0.3      4.3      1    75,   76  /PD_TOP        (1.10)
mult/i_0/i_102/B1->ZN    OAI21_X4                fr   1061.5     29.2     29.2      0.0      3.5      0.6      7.8      2    75,   76  /PD_TOP        (1.10)
mult/i_0/i_135/A1->ZN    OAI22_X4                rf   1085.1     23.6     23.6      0.0     22.5      0.6      8.6      2    75,   76  /PD_TOP        (1.10)
mult/i_0/i_151/A1->ZN    NOR2_X4*                fr   1140.8     55.7     55.7      0.0     12.8      0.6     29.9      2    75,   76  /PD_TOP        (1.10)
mult/i_0/i_159/A->ZN     AOI21_X4                rf   1156.8     16.0     16.0      0.0     15.3      0.6      7.8      2    75,   76  /PD_TOP        (1.10)
mult/i_0/i_175/A1->ZN    AOI22_X4                fr   1191.0     34.2     34.2      0.0      9.1      0.6      6.5      2    75,   76  /PD_TOP        (1.10)
mult/i_0/i_182/A1->ZN    OR2_X4*                 rr   1233.3     42.3     42.3      0.0     27.6      0.5     29.9      2    75,   76  /PD_TOP        (1.10)
mult/i_0/i_188/A->ZN     INV_X8                  rf   1240.2      6.9      6.9      0.0     15.3      0.3      4.3      1    75,   76  /PD_TOP        (1.10)
mult/i_0/i_190/B1->ZN    OAI21_X4                fr   1269.4     29.2     29.2      0.0      3.5      0.6      7.8      2    75,   76  /PD_TOP        (1.10)
mult/i_0/i_198/A1->ZN    OAI22_X4                rf   1292.6     23.2     23.2      0.0     22.5      0.6      7.9      2    75,   76  /PD_TOP        (1.10)
mult/i_0/i_220/B1->ZN    AOI21_X4                fr   1324.7     32.1     32.1      0.0     12.5      0.6      7.8      2    75,   76  /PD_TOP        (1.10)
mult/i_0/i_247/A1->ZN    OAI22_X4                rf   1349.2     24.5     24.5      0.0     25.8      0.6      8.6      2    75,   76  /PD_TOP        (1.10)
mult/i_0/i_265/A1->ZN    NOR2_X4*                fr   1404.8     55.6     55.6      0.0     12.8      0.5     29.7      2    75,   76  /PD_TOP        (1.10)
mult/i_0/i_277/A1->ZN    NAND2_X4*               rf   1433.9     29.1     29.1      0.0     15.3      0.5     29.9      2    75,   76  /PD_TOP        (1.10)
mult/i_0/i_315/A->ZN     INV_X8                  fr   1446.8     12.9     12.9      0.0     15.3      0.6      5.2      2    75,   76  /PD_TOP        (1.10)
mult/i_0/i_317/A1->ZN    AND2_X4                 rr   1493.0     46.2     46.2      0.0      5.5      0.8     34.6      3    75,   76  /PD_TOP        (1.10)
mult/i_0/i_403/A->ZN     INV_X8                  rf   1501.0      8.0      8.0      0.0     24.1      0.6      6.8      2    75,   76  /PD_TOP        (1.10)
mult/i_0/i_408/A1->ZN    OR3_X4*                 ff   1572.5     71.5     71.5      0.0      3.7      0.6     29.9      2    75,   76  /PD_TOP        (1.10)
mult/i_0/i_448/A->ZN     INV_X8                  fr   1584.9     12.4     12.4      0.0     15.3      0.3      4.2      1    75,   76  /PD_TOP        (1.10)
mult/i_0/i_449/A->ZN     AOI21_X4                rf   1596.7     11.8     11.8      0.0      5.3      0.6      7.9      2    75,   76  /PD_TOP        (1.10)
mult/i_0/i_506/B1->ZN    AOI21_X4*               fr   1653.8     57.1     57.1      0.0      9.2      0.6     29.3      2    75,   76  /PD_TOP        (1.10)
mult/i_0/i_568/A->ZN     INV_X8                  rf   1661.4      7.6      7.6      0.0     15.3      0.6      6.7      2    75,   76  /PD_TOP        (1.10)
mult/i_0/i_570/A1->ZN    OR3_X4*                 ff   1732.9     71.5     71.5      0.0      3.7      0.6     29.9      2    75,   76  /PD_TOP        (1.10)
mult/i_0/i_628/A->ZN     INV_X8                  fr   1745.4     12.5     12.5      0.0     15.3      0.3      4.3      1    75,   76  /PD_TOP        (1.10)
mult/i_0/i_629/B1->ZN    OAI21_X4                rf   1761.1     15.7     15.7      0.0      5.3      0.9     10.9      3    75,   76  /PD_TOP        (1.10)
mult/i_0/i_666/A1->ZN    OR3_X4                  ff   1821.0     59.9     59.9      0.0     12.1      0.6      6.7      2    75,   76  /PD_TOP        (1.10)
mult/i_0/i_707/A1->ZN    OR3_X4*                 ff   1896.9     75.9     75.9      0.0     12.6      0.9     32.4      3    75,   76  /PD_TOP        (1.10)
mult/i_0/i_759/A1->ZN    OR2_X4                  ff   1941.8     44.9     44.9      0.0     15.3      0.6      7.1      2    75,   76  /PD_TOP        (1.10)
mult/i_0/i_760/A1->ZN    OR2_X4*                 ff   1996.1     54.3     54.3      0.0      9.1      0.6     30.0      2    75,   76  /PD_TOP        (1.10)
mult/i_0/i_761/A->ZN     INV_X8                  fr   2008.5     12.4     12.4      0.0     15.3      0.3      4.2      1    75,   76  /PD_TOP        (1.10)
mult/i_0/i_783/A->ZN     AOI21_X4*               rf   2030.8     22.3     22.3      0.0      5.3      0.9     33.4      3    75,   76  /PD_TOP        (1.10)
mult/i_0/i_788/A->ZN     XNOR2_X2                ff   2076.0     45.2     45.2      0.0     15.3      0.6      8.4      2    75,   76  /PD_TOP        (1.10)
mult/i_0/i_807/A1->ZN    NAND2_X4                fr   2095.7     19.7     19.7      0.0     14.8      0.6      8.5      2    75,   76  /PD_TOP        (1.10)
mult/i_0/i_810/A->ZN     OAI21_X4                rf   2116.5     20.8     20.8      0.0     11.7      0.6      7.8      2    75,   76  /PD_TOP        (1.10)
mult/i_0/i_841/B1->ZN    AOI21_X4                fr   2147.9     31.4     31.4      0.0     10.8      0.6      7.8      2    75,   76  /PD_TOP        (1.10)
mult/i_0/i_862/A1->ZN    OAI22_X4                rf   2172.4     24.5     24.5      0.0     25.8      0.6      8.6      2    75,   76  /PD_TOP        (1.10)
mult/i_0/i_865/A1->ZN    NOR2_X4*                fr   2228.2     55.8     55.8      0.0     12.8      0.6     30.0      2    75,   76  /PD_TOP        (1.10)
mult/i_0/i_916/B1->ZN    OAI21_X4                rf   2246.1     17.9     17.9      0.0     15.3      0.6      7.8      2    75,   76  /PD_TOP        (1.10)
mult/i_0/i_989/A1->ZN    AOI22_X4                fr   2282.6     36.5     36.5      0.0     10.8      0.7      7.9      2    75,   76  /PD_TOP        (1.10)
mult/i_0/i_1041/A1->ZN   OAI22_X4                rf   2307.5     24.9     24.9      0.0     29.1      0.7      7.8      2    75,   76  /PD_TOP        (1.10)
mult/i_0/i_1085/A1->ZN   AOI22_X4                fr   2344.7     37.2     37.2      0.0     12.5      0.7      7.9      2    75,   76  /PD_TOP        (1.10)
mult/i_0/i_1126/A1->ZN   OAI22_X4                rf   2369.6     24.9     24.9      0.0     29.1      0.7      7.8      2    75,   76  /PD_TOP        (1.10)
mult/i_0/i_1165/A1->ZN   AOI22_X4                fr   2406.8     37.2     37.2      0.0     12.5      0.7      7.9      2    75,   76  /PD_TOP        (1.10)
mult/i_0/i_1201/A1->ZN   OAI22_X4                rf   2432.2     25.4     25.4      0.0     29.1      0.6      8.6      2    75,   76  /PD_TOP        (1.10)
mult/i_0/i_1205/A1->ZN   NOR2_X4*                fr   2488.0     55.8     55.8      0.0     12.8      0.6     30.0      2    75,   76  /PD_TOP        (1.10)
mult/i_0/i_1321/B1->ZN   OAI21_X4                rf   2503.8     15.8     15.8      0.0     15.3      0.3      4.3      1    75,   76  /PD_TOP        (1.10)
mult/i_0/i_1324/A->ZN    OAI21_X4                fr   2526.2     22.4     22.4      0.0      9.4      0.6      7.8      2    75,   76  /PD_TOP        (1.10)
mult/i_0/i_1376/A1->ZN   OAI22_X4                rf   2549.3     23.1     23.1      0.0     22.5      0.7      7.8      2    75,   76  /PD_TOP        (1.10)
mult/i_0/i_1413/A1->ZN   AOI22_X4                fr   2586.5     37.2     37.2      0.0     12.5      0.7      7.9      2    75,   76  /PD_TOP        (1.10)
mult/i_0/i_1444/A1->ZN   OAI22_X4                rf   2611.4     24.9     24.9      0.0     29.1      0.7      7.8      2    75,   76  /PD_TOP        (1.10)
mult/i_0/i_1469/A1->ZN   AOI22_X4                fr   2648.6     37.2     37.2      0.0     12.5      0.7      7.9      2    75,   76  /PD_TOP        (1.10)
mult/i_0/i_1488/A1->ZN   OAI22_X4                rf   2673.5     24.9     24.9      0.0     29.1      0.7      7.8      2    75,   76  /PD_TOP        (1.10)
mult/i_0/i_1511/A1->ZN   AOI22_X4                fr   2710.7     37.2     37.2      0.0     12.5      0.7      7.9      2    75,   76  /PD_TOP        (1.10)
mult/i_0/i_1530/A1->ZN   OAI22_X4                rf   2735.7     25.0     25.0      0.0     29.1      0.7      8.0      2    75,   76  /PD_TOP        (1.10)
mult/i_0/i_1554/A1->ZN   OAI22_X4                fr   2769.8     34.1     34.1      0.0     12.5      0.7      8.2      2    75,   76  /PD_TOP        (1.10)
mult/i_0/i_1555/B->Z     XOR2_X2                 rr   2835.9     66.1     66.1      0.0     35.1      0.6      7.8      2    75,   76  /PD_TOP        (1.10)
mult/i_0/i_1577/A1->ZN   OAI22_X4                rf   2862.3     26.4     26.4      0.0     34.5      0.7      7.8      2    75,   76  /PD_TOP        (1.10)
mult/i_0/i_1589/A1->ZN   AOI22_X4                fr   2899.7     37.4     37.4      0.0     12.5      0.7      8.0      2    75,   76  /PD_TOP        (1.10)
mult/i_0/i_1598/A1->ZN   AOI22_X4                rf   2921.0     21.3     21.3      0.0     29.3      0.7      7.8      2    75,   76  /PD_TOP        (1.10)
mult/i_0/i_1606/A1->ZN   AOI22_X4                fr   2958.6     37.6     37.6      0.0     13.9      0.6      7.8      2    75,   76  /PD_TOP        (1.10)
mult/i_0/i_1611/B1->ZN   OAI21_X4                rf   2979.5     20.9     20.9      0.0     29.0      0.6      7.8      2    75,   76  /PD_TOP        (1.10)
mult/i_0/i_1626/B1->ZN   AOI21_X4                fr   3010.9     31.4     31.4      0.0     10.8      0.6      7.8      2    75,   76  /PD_TOP        (1.10)
mult/i_0/i_1634/A1->ZN   OAI22_X4                rf   3035.4     24.5     24.5      0.0     25.8      0.6      8.6      2    75,   76  /PD_TOP        (1.10)
mult/i_0/i_1637/A1->ZN   NAND2_X4*               fr   3070.2     34.8     34.8      0.0     12.8      1.0     34.2      3    75,   76  /PD_TOP        (1.10)
mult/i_0/i_4671/A->ZN    INV_X8                  rf   3078.5      8.3      8.3      0.0     15.3      0.6      8.8      2    75,   76  /PD_TOP        (1.10)
mult/i_0/i_4692/A1->ZN   AOI22_X4                fr   3107.9     29.4     29.4      0.0      4.0      0.4      4.4      1    75,   76  /PD_TOP        (1.10)
mult/i_0/i_4694/A->ZN    OAI211_X4               rf   3138.9     31.0     31.0      0.0     24.9      0.3      3.4      1    75,   76  /PD_TOP        (1.10)
mult/i_0/i_4703/A->ZN    XNOR2_X2                ff   3181.5     42.6     42.6      0.0     13.9      0.0      6.6      1    75,   76  /PD_TOP        (1.10)
outB/i_0_31/A2->ZN       AND2_X4                 ff   3211.3     29.1     29.1      0.0     13.2      0.3      1.4      1   115,  113  /PD_TOP        (1.10)
outB/out_reg[29]/D       DFF_X1                   f   3211.3      0.7               0.7      4.8                            115,  113  /PD_TOP        (1.10)
------------------------------------------------------------------------------------------------------------------------------------------------------------
Report for group I2R
------------------------------------------------------------------------------------------------------------------------------------------------------------
Startpoint: en
    (Clocked by rtDefaultClock R)
Endpoint: regA/clk_gate_out_reg/E
    (Clocked by sysclk R)
Path Group: I2R
Data required time: 3914.9
    (Clock shift: 4000.0, minus Uncertainty: 0.0, plus Latency 0.0, minus Setup time: 85.1)
Data arrival time: 15.4
Slack: 3899.5
Logic depth: 1
------------------------------------------------------------------------------------------------------------------------------------------------------------
                                                     Arrival               Arc      Net               Net    Total   fan-                                   
Path                     Module/Cell           Edge     Time    Delay    Delay    Delay     Slew     Load     Load    out     Location Power Domain      (V)
                                                        (ps)     (ps)     (ps)     (ps)     (ps)     (ff)     (ff)    (#)      (um,um)                      
------------------------------------------------------------------------------------------------------------------------------------------------------------
en                       {set_input_delay}        r      0.0      0.0      0.0                        3.6     12.3      4   161,  109                       
regA/i_0_0/A1->ZN        OR2_X4                  rr     15.4     15.1     15.1      0.0      0.0      0.3      1.2      1   115,  113  /PD_TOP        (1.10)
regA/clk_gate_out_reg/E  CLKGATETST_X2            r     15.4      0.3               0.3      5.2                            115,  113  /PD_TOP        (1.10)
------------------------------------------------------------------------------------------------------------------------------------------------------------
Report for group I2O
Report for group R2O
------------------------------------------------------------------------------------------------------------------------------------------------------------
Startpoint: outB/out_reg[31]/Q
    (Clocked by sysclk R)
Endpoint: result[63]
    (Clocked by sysclk R)
Path Group: R2O
Data required time: 3500.0
    (Clock shift: 4000.0, minus Uncertainty: 0.0, plus Latency 0.0, minus Out delay: 500.0)
Data arrival time: 96.1
Slack: 3403.9
Logic depth: 0
------------------------------------------------------------------------------------------------------------------------------------------------------------
                                                     Arrival               Arc      Net               Net    Total   fan-                                   
Path                     Module/Cell           Edge     Time    Delay    Delay    Delay     Slew     Load     Load    out     Location Power Domain      (V)
                                                        (ps)     (ps)     (ps)     (ps)     (ps)     (ff)     (ff)    (#)      (um,um)                      
------------------------------------------------------------------------------------------------------------------------------------------------------------
clk                      {create_clock}           r      0.0      0.0      0.0                        0.0      0.0      4   161,  119                       
outB/clk_gate_out_reg/CK->GCK
                         CLKGATETST_X1           rr      0.0      0.0      0.0      0.0      0.0      0.0      0.0     32   115,  113  /PD_TOP        (1.10)
outB/out_reg[31]/CK->Q   DFF_X1                  rf     95.7     95.7     95.7      0.0      0.0      3.3     13.3      1   115,  113  /PD_TOP        (1.10)
result[63]                                        f     96.1      0.4               0.4     17.2                            161,  124                       
------------------------------------------------------------------------------------------------------------------------------------------------------------
