warning: No library characterized for (process = 1.00 voltage = 0.85 temperature = 25.00) can be found in the database for power domain '/PD_TOP'  [NL-174]
Report Power (instances with prefix '*' are included in total) : 
-----+---------------------------+--------------------+---------------------+-------------------+-----------------
     | Instance                  | Internal Power(uw) | Switching Power(uw) | Leakage Power(uw) | Total Power(uw) 
-----+---------------------------+--------------------+---------------------+-------------------+-----------------
1    |*genblk1_0_full_adder_inst |            0.127686|             0.280049|           0.061230|         0.468965
2    |*genblk1_1_full_adder_inst |            0.247151|             0.770746|           0.119293|         1.137190
3    |*genblk1_2_full_adder_inst |            0.244563|             0.790761|           0.119293|         1.154617
4    |*genblk1_3_full_adder_inst |            0.243574|             0.797036|           0.119293|         1.159902
5    |*genblk1_4_full_adder_inst |            0.243195|             0.799115|           0.119293|         1.161602
6    |*genblk1_5_full_adder_inst |            0.243051|             0.799902|           0.119293|         1.162246
7    |*genblk1_6_full_adder_inst |            0.242997|             0.800122|           0.119293|         1.162412
8    |*genblk1_7_full_adder_inst |            0.242978|             0.800611|           0.119293|         1.162882
9    |*genblk1_8_full_adder_inst |            0.242970|             0.800583|           0.119293|         1.162846
10   |*genblk1_9_full_adder_inst |            0.242968|             0.800667|           0.119293|         1.162927
11   |*genblk1_10_full_adder_inst|            0.242966|             0.800604|           0.119293|         1.162863
12   |*genblk1_11_full_adder_inst|            0.242966|             0.800662|           0.119293|         1.162921
13   |*genblk1_12_full_adder_inst|            0.242966|             0.800594|           0.119293|         1.162853
14   |*genblk1_13_full_adder_inst|            0.242966|             0.800603|           0.119293|         1.162861
15   |*genblk1_14_full_adder_inst|            0.242965|             0.800534|           0.119293|         1.162792
16   |*genblk1_15_full_adder_inst|            0.242967|             0.800916|           0.119293|         1.163176
17   |*genblk1_16_full_adder_inst|            0.242967|             0.800847|           0.119293|         1.163107
18   |*genblk1_17_full_adder_inst|            0.242967|             0.800916|           0.119293|         1.163176
19   |*genblk1_18_full_adder_inst|            0.242967|             0.800847|           0.119293|         1.163107
20   |*genblk1_19_full_adder_inst|            0.242967|             0.800903|           0.119293|         1.163163
21   |*genblk1_20_full_adder_inst|            0.242967|             0.800834|           0.119293|         1.163094
22   |*genblk1_21_full_adder_inst|            0.242967|             0.800843|           0.119293|         1.163103
23   |*genblk1_22_full_adder_inst|            0.242967|             0.800775|           0.119293|         1.163034
24   |*genblk1_23_full_adder_inst|            0.242968|             0.801156|           0.119293|         1.163417
25   |*genblk1_24_full_adder_inst|            0.242968|             0.801087|           0.119293|         1.163348
26   |*genblk1_25_full_adder_inst|            0.242968|             0.801156|           0.119293|         1.163417
27   |*genblk1_26_full_adder_inst|            0.242968|             0.801087|           0.119293|         1.163348
28   |*genblk1_27_full_adder_inst|            0.242968|             0.801143|           0.119293|         1.163404
29   |*genblk1_28_full_adder_inst|            0.242968|             0.801074|           0.119293|         1.163335
30   |*genblk1_29_full_adder_inst|            0.242968|             0.801083|           0.119293|         1.163344
31   |*genblk1_30_full_adder_inst|            0.242968|             0.801014|           0.119293|         1.163275
32   |*genblk1_31_full_adder_inst|            0.241342|             0.859624|           0.119293|         1.220259
33   |                           |                    |                     |                   |                 
34   |*TOTAL                     |            7.664786|            25.117899|           3.759299|        36.541985
-----+---------------------------+--------------------+---------------------+-------------------+-----------------
