Report Instance Areas: 
-----+--------------------------------+----------------------+-----+---------
     |Instance                        |Module                |Cells|Cell Area
-----+--------------------------------+----------------------+-----+---------
1    |top                             |                      | 1081|     1329
2    |  comp2                         |comparator24bit       |  135|      120
3    |    subtract_1                  |subtractor24bits      |  134|      118
4    |      half_subtractor1          |halfsubtractor        |    2|        1
5    |      genblk1_1_full_subtractor |subtractor__0_187     |    6|        5
6    |        h1                      |halfsubtractor__0_186 |    3|        3
7    |        h2                      |halfsubtractor__0_183 |    2|        1
8    |      genblk1_2_full_subtractor |subtractor__0_195     |    6|        5
9    |        h1                      |halfsubtractor__0_194 |    3|        3
10   |        h2                      |halfsubtractor__0_191 |    2|        1
11   |      genblk1_3_full_subtractor |subtractor__0_203     |    6|        5
12   |        h1                      |halfsubtractor__0_202 |    3|        3
13   |        h2                      |halfsubtractor__0_199 |    2|        1
14   |      genblk1_4_full_subtractor |subtractor__0_211     |    6|        5
15   |        h1                      |halfsubtractor__0_210 |    3|        3
16   |        h2                      |halfsubtractor__0_207 |    2|        1
17   |      genblk1_5_full_subtractor |subtractor__0_219     |    6|        5
18   |        h1                      |halfsubtractor__0_218 |    3|        3
19   |        h2                      |halfsubtractor__0_215 |    2|        1
20   |      genblk1_6_full_subtractor |subtractor__0_227     |    6|        5
21   |        h1                      |halfsubtractor__0_226 |    3|        3
22   |        h2                      |halfsubtractor__0_223 |    2|        1
23   |      genblk1_7_full_subtractor |subtractor__0_235     |    6|        5
24   |        h1                      |halfsubtractor__0_234 |    3|        3
25   |        h2                      |halfsubtractor__0_231 |    2|        1
26   |      genblk1_8_full_subtractor |subtractor__0_243     |    6|        5
27   |        h1                      |halfsubtractor__0_242 |    3|        3
28   |        h2                      |halfsubtractor__0_239 |    2|        1
29   |      genblk1_9_full_subtractor |subtractor__0_251     |    6|        5
30   |        h1                      |halfsubtractor__0_250 |    3|        3
31   |        h2                      |halfsubtractor__0_247 |    2|        1
32   |      genblk1_10_full_subtractor|subtractor__0_259     |    6|        5
33   |        h1                      |halfsubtractor__0_258 |    3|        3
34   |        h2                      |halfsubtractor__0_255 |    2|        1
35   |      genblk1_11_full_subtractor|subtractor__0_267     |    6|        5
36   |        h1                      |halfsubtractor__0_266 |    3|        3
37   |        h2                      |halfsubtractor__0_263 |    2|        1
38   |      genblk1_12_full_subtractor|subtractor__0_275     |    6|        5
39   |        h1                      |halfsubtractor__0_274 |    3|        3
40   |        h2                      |halfsubtractor__0_271 |    2|        1
41   |      genblk1_13_full_subtractor|subtractor__0_283     |    6|        5
42   |        h1                      |halfsubtractor__0_282 |    3|        3
43   |        h2                      |halfsubtractor__0_279 |    2|        1
44   |      genblk1_14_full_subtractor|subtractor__0_291     |    6|        5
45   |        h1                      |halfsubtractor__0_290 |    3|        3
46   |        h2                      |halfsubtractor__0_287 |    2|        1
47   |      genblk1_15_full_subtractor|subtractor__0_299     |    6|        5
48   |        h1                      |halfsubtractor__0_298 |    3|        3
49   |        h2                      |halfsubtractor__0_295 |    2|        1
50   |      genblk1_16_full_subtractor|subtractor__0_307     |    6|        5
51   |        h1                      |halfsubtractor__0_306 |    3|        3
52   |        h2                      |halfsubtractor__0_303 |    2|        1
53   |      genblk1_17_full_subtractor|subtractor__0_315     |    6|        5
54   |        h1                      |halfsubtractor__0_314 |    3|        3
55   |        h2                      |halfsubtractor__0_311 |    2|        1
56   |      genblk1_18_full_subtractor|subtractor__0_323     |    6|        5
57   |        h1                      |halfsubtractor__0_322 |    3|        3
58   |        h2                      |halfsubtractor__0_319 |    2|        1
59   |      genblk1_19_full_subtractor|subtractor__0_331     |    6|        5
60   |        h1                      |halfsubtractor__0_330 |    3|        3
61   |        h2                      |halfsubtractor__0_327 |    2|        1
62   |      genblk1_20_full_subtractor|subtractor__0_339     |    6|        5
63   |        h1                      |halfsubtractor__0_338 |    3|        3
64   |        h2                      |halfsubtractor__0_335 |    2|        1
65   |      genblk1_21_full_subtractor|subtractor__0_347     |    6|        5
66   |        h1                      |halfsubtractor__0_346 |    3|        3
67   |        h2                      |halfsubtractor__0_343 |    2|        1
68   |      genblk1_22_full_subtractor|subtractor            |    6|        5
69   |        h1                      |halfsubtractor__0_117 |    3|        3
70   |        h2                      |halfsubtractor__0_120 |    2|        1
71   |  comp1                         |comparator            |   80|       96
72   |    subtract_1                  |subtractor8bits__0_407|   52|       51
73   |      half_subtractor1          |halfsubtractor__0_406 |    3|        3
74   |      genblk1_1_full_subtractor |subtractor__0_403     |    7|        7
75   |        h1                      |halfsubtractor__0_402 |    3|        3
76   |        h2                      |halfsubtractor__0_399 |    3|        3
77   |      genblk1_2_full_subtractor |subtractor__0_395     |    7|        7
78   |        h1                      |halfsubtractor__0_394 |    3|        3
79   |        h2                      |halfsubtractor__0_391 |    3|        3
80   |      genblk1_3_full_subtractor |subtractor__0_387     |    7|        7
81   |        h1                      |halfsubtractor__0_386 |    3|        3
82   |        h2                      |halfsubtractor__0_383 |    3|        3
83   |      genblk1_4_full_subtractor |subtractor__0_379     |    7|        7
84   |        h1                      |halfsubtractor__0_378 |    3|        3
85   |        h2                      |halfsubtractor__0_375 |    3|        3
86   |      genblk1_5_full_subtractor |subtractor__0_371     |    7|        7
87   |        h1                      |halfsubtractor__0_370 |    3|        3
88   |        h2                      |halfsubtractor__0_367 |    3|        3
89   |      genblk1_6_full_subtractor |subtractor__0_363     |    7|        7
90   |        h1                      |halfsubtractor__0_362 |    3|        3
91   |        h2                      |halfsubtractor__0_359 |    3|        3
92   |      genblk1_7_full_subtractor |subtractor__0_355     |    7|        7
93   |        h1                      |halfsubtractor__0_354 |    3|        3
94   |        h2                      |halfsubtractor__0_351 |    3|        3
95   |    complement2                 |twosComplement        |   13|       17
96   |  m1                            |Mux__0_502            |   24|       45
97   |  m2                            |Mux                   |   24|       45
98   |  shift1                        |Shifter               |  128|      154
99   |  adder                         |ComplementAdder       |  309|      429
100  |    genblk1_0_full_adder_inst   |full_adder__0_411     |    2|        3
101  |    genblk1_1_full_adder_inst   |full_adder__0_415     |    4|        5
102  |    genblk1_2_full_adder_inst   |full_adder__0_419     |    4|        5
103  |    genblk1_3_full_adder_inst   |full_adder__0_423     |    4|        5
104  |    genblk1_4_full_adder_inst   |full_adder__0_427     |    4|        5
105  |    genblk1_5_full_adder_inst   |full_adder__0_431     |    4|        5
106  |    genblk1_6_full_adder_inst   |full_adder__0_435     |    4|        5
107  |    genblk1_7_full_adder_inst   |full_adder__0_439     |    4|        5
108  |    genblk1_8_full_adder_inst   |full_adder__0_443     |    4|        5
109  |    genblk1_9_full_adder_inst   |full_adder__0_447     |    4|        5
110  |    genblk1_10_full_adder_inst  |full_adder__0_451     |    4|        5
111  |    genblk1_11_full_adder_inst  |full_adder__0_455     |    4|        5
112  |    genblk1_12_full_adder_inst  |full_adder__0_459     |    4|        5
113  |    genblk1_13_full_adder_inst  |full_adder__0_463     |    4|        5
114  |    genblk1_14_full_adder_inst  |full_adder__0_467     |    4|        5
115  |    genblk1_15_full_adder_inst  |full_adder__0_471     |    4|        5
116  |    genblk1_16_full_adder_inst  |full_adder__0_475     |    4|        5
117  |    genblk1_17_full_adder_inst  |full_adder__0_479     |    4|        5
118  |    genblk1_18_full_adder_inst  |full_adder__0_483     |    4|        5
119  |    genblk1_19_full_adder_inst  |full_adder__0_487     |    4|        5
120  |    genblk1_20_full_adder_inst  |full_adder__0_491     |    4|        5
121  |    genblk1_21_full_adder_inst  |full_adder__0_495     |    4|        5
122  |    genblk1_22_full_adder_inst  |full_adder__0_499     |    4|        5
123  |    genblk1_23_full_adder_inst  |full_adder            |    4|        5
124  |  output_normalize              |Normalize             |  305|      361
125  |  emans                         |ControlledIncrementor |   72|       74
126  |    subtract_1                  |subtractor8bits       |   38|       38
127  |      half_subtractor1          |halfsubtractor__0_123 |    3|        3
128  |      genblk1_1_full_subtractor |subtractor__0_131     |    7|        7
129  |        h1                      |halfsubtractor__0_130 |    3|        3
130  |        h2                      |halfsubtractor__0_127 |    3|        3
131  |      genblk1_2_full_subtractor |subtractor__0_139     |    7|        7
132  |        h1                      |halfsubtractor__0_138 |    3|        3
133  |        h2                      |halfsubtractor__0_135 |    3|        3
134  |      genblk1_3_full_subtractor |subtractor__0_147     |    7|        7
135  |        h1                      |halfsubtractor__0_146 |    3|        3
136  |        h2                      |halfsubtractor__0_143 |    3|        3
137  |      genblk1_4_full_subtractor |subtractor__0_155     |    7|        7
138  |        h1                      |halfsubtractor__0_154 |    3|        3
139  |        h2                      |halfsubtractor__0_151 |    3|        3
140  |      genblk1_5_full_subtractor |subtractor__0_163     |    3|        3
141  |        h2                      |halfsubtractor__0_159 |    3|        3
142  |      genblk1_6_full_subtractor |subtractor__0_171     |    3|        3
143  |        h2                      |halfsubtractor__0_167 |    3|        3
144  |      genblk1_7_full_subtractor |subtractor__0_179     |    1|        2
145  |        h2                      |halfsubtractor__0_175 |    1|        2
146  |    adder_1                     |fullAdder8bit         |   14|       18
147  |      genblk1_0_f1              |fullAdder__0_66       |    1|        1
148  |        h1                      |halfAdder__0_65       |    1|        1
149  |      genblk1_1_f1              |fullAdder__0_74       |    2|        3
150  |        h2                      |halfAdder__0_70       |    2|        3
151  |      genblk1_2_f1              |fullAdder__0_82       |    2|        3
152  |        h2                      |halfAdder__0_78       |    2|        3
153  |      genblk1_3_f1              |fullAdder__0_90       |    2|        3
154  |        h2                      |halfAdder__0_86       |    2|        3
155  |      genblk1_4_f1              |fullAdder__0_98       |    2|        3
156  |        h2                      |halfAdder__0_94       |    2|        3
157  |      genblk1_5_f1              |fullAdder__0_106      |    2|        3
158  |        h2                      |halfAdder__0_102      |    2|        3
159  |      genblk1_6_f1              |fullAdder__0_114      |    2|        3
160  |        h2                      |halfAdder__0_110      |    2|        3
161  |      genblk1_7_f1              |fullAdder             |    1|        2
162  |        h2                      |halfAdder             |    1|        2
163  |  over                          |OverFlow              |    3|        3
-----+--------------------------------+----------------------+-----+---------
