warning: No library characterized for (process = 1.00 voltage = 0.85 temperature = 25.00) can be found in the database for power domain '/PD_TOP'  [NL-174]
Report Power (instances with prefix '*' are included in total) : 
-----+-----------------+--------------------+---------------------+-------------------+-----------------
     | Instance        | Internal Power(uw) | Switching Power(uw) | Leakage Power(uw) | Total Power(uw) 
-----+-----------------+--------------------+---------------------+-------------------+-----------------
1    |*comp1           |            4.109541|            14.609302|           2.152181|        20.871025
2    |*m1              |            2.075601|             4.818845|           0.862281|         7.756728
3    |*m2              |            2.051877|             4.898770|           0.862281|         7.812928
4    |*shift1          |            3.595161|            11.400764|           3.665241|        18.661165
5    |*adder           |           14.941488|            45.309471|           9.372902|        69.623863
6    |*output_normalize|            8.335657|            28.751696|           8.334176|        45.421528
7    |*emans           |            2.862550|             4.000157|           1.666084|         8.528791
8    |*i_0_0_0         |            0.022745|             0.901093|           0.014353|         0.938191
9    |                 |                    |                     |                   |                 
10   |*TOTAL           |           37.994621|           114.690102|          26.929502|       179.614227
-----+-----------------+--------------------+---------------------+-------------------+-----------------
