warning: No library characterized for (process = 1.00 voltage = 0.85 temperature = 25.00) can be found in the database for power domain '/PD_TOP'  [NL-174]
Report Power (instances with prefix '*' are included in total) : 
-----+-----------------+--------------------+---------------------+-------------------+-----------------
     | Instance        | Internal Power(uw) | Switching Power(uw) | Leakage Power(uw) | Total Power(uw) 
-----+-----------------+--------------------+---------------------+-------------------+-----------------
1    |*comp2           |            5.340720|            13.907012|           2.930693|        22.178425
2    |*comp1           |            4.109541|            14.609302|           2.152181|        20.871025
3    |*m1              |            2.075226|             4.619853|           0.862281|         7.557361
4    |*m2              |            2.051877|             4.898770|           0.862281|         7.812928
5    |*shift1          |            3.595161|            11.400764|           3.665241|        18.661165
6    |*adder           |           14.944150|            45.309471|           9.372902|        69.626526
7    |*output_normalize|            8.335591|            28.882263|           8.334176|        45.552032
8    |*emans           |            3.122667|             8.391154|           1.784298|        13.298119
9    |*over            |            0.028159|             0.034975|           0.057453|         0.120587
10   |*i_0_0_0         |            0.022745|             0.901093|           0.014353|         0.938191
11   |                 |                    |                     |                   |                 
12   |*TOTAL           |           43.625839|           132.954651|          30.035862|       206.616348
-----+-----------------+--------------------+---------------------+-------------------+-----------------
