warning: No library characterized for (process = 1.00 voltage = 0.85 temperature = 25.00) can be found in the database for power domain '/PD_TOP'  [NL-174]
Report Power (instances with prefix '*' are included in total) : 
-----+-------------+--------------------+---------------------+-------------------+-----------------
     | Instance    | Internal Power(uw) | Switching Power(uw) | Leakage Power(uw) | Total Power(uw) 
-----+-------------+--------------------+---------------------+-------------------+-----------------
1    |*r1          |            2.514046|             1.789402|           0.580618|         4.884066
2    |*genblk1_1_c1|            4.865856|             3.005075|           1.210077|         9.081007
3    |*genblk1_2_c1|            4.866682|             3.003509|           1.210077|         9.080268
4    |*genblk1_3_c1|            4.866749|             3.006028|           1.210077|         9.082854
5    |*genblk1_4_c1|            4.866706|             3.004468|           1.210077|         9.081252
6    |*genblk1_5_c1|            4.866775|             3.006988|           1.210077|         9.083839
7    |*genblk1_6_c1|            4.866732|             3.005428|           1.210077|         9.082237
8    |*genblk1_7_c1|            4.866670|             3.003040|           1.210077|         9.079786
9    |             |                    |                     |                   |                 
10   |*TOTAL       |           36.580215|            22.823938|           9.051157|        68.455315
-----+-------------+--------------------+---------------------+-------------------+-----------------
