Report for group default
Report for group I2R
Report for group I2O
------------------------------------------------------------------------------------------------------------------------------------------------------------
Startpoint: i_add1[0]
    (Clocked by vsysclk R)
Endpoint: o_result[31]
    (Clocked by vsysclk R)
Path Group: I2O
Data required time: 19500.0
    (Clock shift: 20000.0, minus Uncertainty: 0.0, plus Latency 0.0, minus Out delay: 500.0)
Data arrival time: 2191.6
Slack: 17308.4
Logic depth: 62
------------------------------------------------------------------------------------------------------------------------------------------------------------
                                                     Arrival               Arc      Net               Net    Total   fan-                                   
Path                     Module/Cell           Edge     Time    Delay    Delay    Delay     Slew     Load     Load    out     Location Power Domain      (V)
                                                        (ps)     (ps)     (ps)     (ps)     (ps)     (ff)     (ff)    (#)      (um,um)                      
------------------------------------------------------------------------------------------------------------------------------------------------------------
i_add1[0]                {set_input_delay}        r   1000.0   1000.0   1000.0                        2.3      8.1      2    77,   40                       
i_0_0_93/A2->ZN          AND2_X4                 rr   1028.8     28.8     28.6      0.2      0.0      0.6      8.0      2    39,   38  /PD_TOP        (1.10)
i_0_0_91/A->ZN           OAI21_X4                rf   1046.9     18.1     18.1      0.0      9.7      0.3      4.2      1    39,   38  /PD_TOP        (1.10)
i_0_0_90/A2->ZN          NAND2_X4                fr   1066.1     19.2     19.2      0.0      9.4      0.6      8.0      2    39,   38  /PD_TOP        (1.10)
i_0_0_88/A->ZN           OAI21_X4                rf   1084.8     18.7     18.7      0.0     11.4      0.3      4.2      1    39,   38  /PD_TOP        (1.10)
i_0_0_87/A2->ZN          NAND2_X4                fr   1104.0     19.2     19.2      0.0      9.4      0.6      8.0      2    39,   38  /PD_TOP        (1.10)
i_0_0_85/A->ZN           OAI21_X4                rf   1122.7     18.7     18.7      0.0     11.4      0.3      4.2      1    39,   38  /PD_TOP        (1.10)
i_0_0_84/A2->ZN          NAND2_X4                fr   1141.9     19.2     19.2      0.0      9.4      0.6      8.0      2    39,   38  /PD_TOP        (1.10)
i_0_0_82/A->ZN           OAI21_X4                rf   1160.6     18.7     18.7      0.0     11.4      0.3      4.2      1    39,   38  /PD_TOP        (1.10)
i_0_0_81/A2->ZN          NAND2_X4                fr   1179.8     19.2     19.2      0.0      9.4      0.6      8.0      2    39,   38  /PD_TOP        (1.10)
i_0_0_79/A->ZN           OAI21_X4                rf   1198.5     18.7     18.7      0.0     11.4      0.3      4.2      1    39,   38  /PD_TOP        (1.10)
i_0_0_78/A2->ZN          NAND2_X4                fr   1217.7     19.2     19.2      0.0      9.4      0.6      8.0      2    39,   38  /PD_TOP        (1.10)
i_0_0_76/A->ZN           OAI21_X4                rf   1236.4     18.7     18.7      0.0     11.4      0.3      4.2      1    39,   38  /PD_TOP        (1.10)
i_0_0_75/A2->ZN          NAND2_X4                fr   1255.6     19.2     19.2      0.0      9.4      0.6      8.0      2    39,   38  /PD_TOP        (1.10)
i_0_0_73/A->ZN           OAI21_X4                rf   1274.3     18.7     18.7      0.0     11.4      0.3      4.2      1    39,   38  /PD_TOP        (1.10)
i_0_0_72/A2->ZN          NAND2_X4                fr   1293.5     19.2     19.2      0.0      9.4      0.6      8.0      2    39,   38  /PD_TOP        (1.10)
i_0_0_70/A->ZN           OAI21_X4                rf   1312.2     18.7     18.7      0.0     11.4      0.3      4.2      1    39,   38  /PD_TOP        (1.10)
i_0_0_69/A2->ZN          NAND2_X4                fr   1331.4     19.2     19.2      0.0      9.4      0.6      8.0      2    39,   38  /PD_TOP        (1.10)
i_0_0_67/A->ZN           OAI21_X4                rf   1350.1     18.7     18.7      0.0     11.4      0.3      4.2      1    39,   38  /PD_TOP        (1.10)
i_0_0_66/A2->ZN          NAND2_X4                fr   1369.3     19.2     19.2      0.0      9.4      0.6      8.0      2    39,   38  /PD_TOP        (1.10)
i_0_0_64/A->ZN           OAI21_X4                rf   1388.0     18.7     18.7      0.0     11.4      0.3      4.2      1    39,   38  /PD_TOP        (1.10)
i_0_0_63/A2->ZN          NAND2_X4                fr   1407.2     19.2     19.2      0.0      9.4      0.6      8.0      2    39,   38  /PD_TOP        (1.10)
i_0_0_61/A->ZN           OAI21_X4                rf   1425.9     18.7     18.7      0.0     11.4      0.3      4.2      1    39,   38  /PD_TOP        (1.10)
i_0_0_60/A2->ZN          NAND2_X4                fr   1445.1     19.2     19.2      0.0      9.4      0.6      8.0      2    39,   38  /PD_TOP        (1.10)
i_0_0_58/A->ZN           OAI21_X4                rf   1463.8     18.7     18.7      0.0     11.4      0.3      4.2      1    39,   38  /PD_TOP        (1.10)
i_0_0_57/A2->ZN          NAND2_X4                fr   1483.0     19.2     19.2      0.0      9.4      0.6      8.0      2    39,   38  /PD_TOP        (1.10)
i_0_0_55/A->ZN           OAI21_X4                rf   1501.7     18.7     18.7      0.0     11.4      0.3      4.2      1    39,   38  /PD_TOP        (1.10)
i_0_0_54/A2->ZN          NAND2_X4                fr   1520.9     19.2     19.2      0.0      9.4      0.6      8.0      2    39,   38  /PD_TOP        (1.10)
i_0_0_52/A->ZN           OAI21_X4                rf   1539.6     18.7     18.7      0.0     11.4      0.3      4.2      1    39,   38  /PD_TOP        (1.10)
i_0_0_51/A2->ZN          NAND2_X4                fr   1558.8     19.2     19.2      0.0      9.4      0.6      8.0      2    39,   38  /PD_TOP        (1.10)
i_0_0_49/A->ZN           OAI21_X4                rf   1577.5     18.7     18.7      0.0     11.4      0.3      4.2      1    39,   38  /PD_TOP        (1.10)
i_0_0_48/A2->ZN          NAND2_X4                fr   1596.7     19.2     19.2      0.0      9.4      0.6      8.0      2    39,   38  /PD_TOP        (1.10)
i_0_0_46/A->ZN           OAI21_X4                rf   1615.4     18.7     18.7      0.0     11.4      0.3      4.2      1    39,   38  /PD_TOP        (1.10)
i_0_0_45/A2->ZN          NAND2_X4                fr   1634.6     19.2     19.2      0.0      9.4      0.6      8.0      2    39,   38  /PD_TOP        (1.10)
i_0_0_43/A->ZN           OAI21_X4                rf   1653.3     18.7     18.7      0.0     11.4      0.3      4.2      1    39,   38  /PD_TOP        (1.10)
i_0_0_42/A2->ZN          NAND2_X4                fr   1672.5     19.2     19.2      0.0      9.4      0.6      8.0      2    39,   38  /PD_TOP        (1.10)
i_0_0_40/A->ZN           OAI21_X4                rf   1691.2     18.7     18.7      0.0     11.4      0.3      4.2      1    39,   38  /PD_TOP        (1.10)
i_0_0_39/A2->ZN          NAND2_X4                fr   1710.4     19.2     19.2      0.0      9.4      0.6      8.0      2    39,   38  /PD_TOP        (1.10)
i_0_0_37/A->ZN           OAI21_X4                rf   1729.1     18.7     18.7      0.0     11.4      0.3      4.2      1    39,   38  /PD_TOP        (1.10)
i_0_0_36/A2->ZN          NAND2_X4                fr   1748.3     19.2     19.2      0.0      9.4      0.6      8.0      2    39,   38  /PD_TOP        (1.10)
i_0_0_34/A->ZN           OAI21_X4                rf   1767.0     18.7     18.7      0.0     11.4      0.3      4.2      1    39,   38  /PD_TOP        (1.10)
i_0_0_33/A2->ZN          NAND2_X4                fr   1786.2     19.2     19.2      0.0      9.4      0.6      8.0      2    39,   38  /PD_TOP        (1.10)
i_0_0_31/A->ZN           OAI21_X4                rf   1804.9     18.7     18.7      0.0     11.4      0.3      4.2      1    39,   38  /PD_TOP        (1.10)
i_0_0_30/A2->ZN          NAND2_X4                fr   1824.1     19.2     19.2      0.0      9.4      0.6      8.0      2    39,   38  /PD_TOP        (1.10)
i_0_0_28/A->ZN           OAI21_X4                rf   1842.8     18.7     18.7      0.0     11.4      0.3      4.2      1    39,   38  /PD_TOP        (1.10)
i_0_0_27/A2->ZN          NAND2_X4                fr   1862.0     19.2     19.2      0.0      9.4      0.6      8.0      2    39,   38  /PD_TOP        (1.10)
i_0_0_25/A->ZN           OAI21_X4                rf   1880.7     18.7     18.7      0.0     11.4      0.3      4.2      1    39,   38  /PD_TOP        (1.10)
i_0_0_24/A2->ZN          NAND2_X4                fr   1899.9     19.2     19.2      0.0      9.4      0.6      8.0      2    39,   38  /PD_TOP        (1.10)
i_0_0_22/A->ZN           OAI21_X4                rf   1918.6     18.7     18.7      0.0     11.4      0.3      4.2      1    39,   38  /PD_TOP        (1.10)
i_0_0_21/A2->ZN          NAND2_X4                fr   1937.8     19.2     19.2      0.0      9.4      0.6      8.0      2    39,   38  /PD_TOP        (1.10)
i_0_0_19/A->ZN           OAI21_X4                rf   1956.5     18.7     18.7      0.0     11.4      0.3      4.2      1    39,   38  /PD_TOP        (1.10)
i_0_0_18/A2->ZN          NAND2_X4                fr   1975.7     19.2     19.2      0.0      9.4      0.6      8.0      2    39,   38  /PD_TOP        (1.10)
i_0_0_16/A->ZN           OAI21_X4                rf   1994.4     18.7     18.7      0.0     11.4      0.3      4.2      1    39,   38  /PD_TOP        (1.10)
i_0_0_15/A2->ZN          NAND2_X4                fr   2013.6     19.2     19.2      0.0      9.4      0.6      8.0      2    39,   38  /PD_TOP        (1.10)
i_0_0_13/A->ZN           OAI21_X4                rf   2032.3     18.7     18.7      0.0     11.4      0.3      4.2      1    39,   38  /PD_TOP        (1.10)
i_0_0_12/A2->ZN          NAND2_X4                fr   2051.5     19.2     19.2      0.0      9.4      0.6      8.0      2    39,   38  /PD_TOP        (1.10)
i_0_0_10/A->ZN           OAI21_X4                rf   2070.2     18.7     18.7      0.0     11.4      0.3      4.2      1    39,   38  /PD_TOP        (1.10)
i_0_0_9/A2->ZN           NAND2_X4                fr   2089.4     19.2     19.2      0.0      9.4      0.6      8.0      2    39,   38  /PD_TOP        (1.10)
i_0_0_7/A->ZN            OAI21_X4                rf   2108.1     18.7     18.7      0.0     11.4      0.3      4.2      1    39,   38  /PD_TOP        (1.10)
i_0_0_6/A2->ZN           NAND2_X4                fr   2127.3     19.2     19.2      0.0      9.4      0.6      8.0      2    39,   38  /PD_TOP        (1.10)
i_0_0_4/A->ZN            OAI21_X4                rf   2146.0     18.7     18.7      0.0     11.4      0.3      4.2      1    39,   38  /PD_TOP        (1.10)
i_0_0_3/A2->ZN           NAND2_X4                fr   2165.2     19.2     19.2      0.0      9.4      0.6      8.0      2    39,   38  /PD_TOP        (1.10)
genblk1_31_full_adder_inst/i_0_1/B->Z
                         XOR2_X2                 rf   2191.4     26.2     26.2      0.0     11.4      2.4     12.4      1    39,   38  /PD_TOP        (1.10)
o_result[31]                                      f   2191.6      0.2               0.2     16.8                             77,   42                       
------------------------------------------------------------------------------------------------------------------------------------------------------------
Report for group R2O
