Report for group default
------------------------------------------------------------------------------------------------------------------------------------------------------------
Startpoint: i_reg[4]/Q
    (Clocked by sysclk R)
Endpoint: c_reg[63]/D
    (Clocked by sysclk R)
Path Group: default
Data required time: 3962.0
    (Clock shift: 4000.0, minus Uncertainty: 0.0, plus Latency 0.0, minus Setup time: 38.0)
Data arrival time: 3849.5
Slack: 112.5
Logic depth: 103
------------------------------------------------------------------------------------------------------------------------------------------------------------
                                                     Arrival               Arc      Net               Net    Total   fan-                                   
Path                     Module/Cell           Edge     Time    Delay    Delay    Delay     Slew     Load     Load    out     Location Power Domain      (V)
                                                        (ps)     (ps)     (ps)     (ps)     (ps)     (ff)     (ff)    (#)      (um,um)                      
------------------------------------------------------------------------------------------------------------------------------------------------------------
clk                      {create_clock}           r      0.0      0.0      0.0                        0.0      0.0     69    62,    0                       
clk_gate_i_reg/CK->GCK   CLKGATETST_X1           rr      0.0      0.0      0.0      0.0      0.0      0.0      0.0     12    62,   62  /PD_TOP        (1.10)
i_reg[4]/CK->Q           DFF_X1*                 rr    152.0    152.0    152.0      0.0      0.0      1.4     42.8      5    62,   62  /PD_TOP        (1.10)
i_0_0_181/A->ZN          INV_X8                  rf    159.7      7.7      7.7      0.0     15.3      0.5      6.8      2    62,   62  /PD_TOP        (1.10)
i_0_0_182/A1->ZN         AND2_X4*                ff    199.3     39.6     39.6      0.0      3.7      3.8     37.5     10    62,   62  /PD_TOP        (1.10)
i_0_0_198/B1->ZN         AOI222_X4               fr    337.6    138.3    138.2      0.1     15.3      0.7     30.2      2    62,   62  /PD_TOP        (1.10)
i_0_0_199/A->ZN          INV_X8                  rf    344.6      7.0      7.0      0.0     20.7      0.3      4.2      1    62,   62  /PD_TOP        (1.10)
i_0_0_200/A->ZN          AOI21_X4                fr    386.9     42.3     42.3      0.0      3.4      0.7      8.8      2    62,   62  /PD_TOP        (1.10)
i_0_0_210/A1->ZN         OAI22_X4                rf    407.8     20.9     20.9      0.0     27.0      0.4      2.9      1    62,   62  /PD_TOP        (1.10)
i_0_0_218/B->ZN          AOI211_X2               fr    479.3     71.5     71.5      0.0     10.3      0.4      4.5      1    62,   62  /PD_TOP        (1.10)
i_0_0_229/B->ZN          OAI211_X4*              rf    533.9     54.6     54.6      0.0     44.1      0.7     30.2      2    62,   62  /PD_TOP        (1.10)
i_0_0_247/A1->ZN         OAI22_X4                fr    573.4     39.5     39.5      0.0     15.3      0.9     11.5      3    62,   62  /PD_TOP        (1.10)
i_0_0_275/A1->ZN         NOR2_X4*                rf    629.7     56.3     56.3      0.0     39.2     11.5    135.3     31    62,   62  /PD_TOP        (1.10)
i_0_0_277/B1->ZN         AOI221_X4               fr    769.2    139.5    139.0      0.5     15.3      1.8     39.4      5    62,   62  /PD_TOP        (1.10)
i_0_0_278/A1->ZN         OAI33_X1*               rf    854.6     85.4     85.4      0.0     25.8      1.0     34.7      3    62,   62  /PD_TOP        (1.10)
i_0_11/i_195/B2->ZN      AOI21_X4                fr    888.2     33.6     33.6      0.0     15.3      0.3      4.2      1    62,   62  /PD_TOP        (1.10)
i_0_11/i_194/A->ZN       AOI21_X4                rf    906.1     17.9     17.9      0.0     21.5      0.6      8.5      2    62,   62  /PD_TOP        (1.10)
i_0_11/i_193/B2->ZN      AOI22_X4*               fr    983.4     77.3     77.3      0.0      9.4      0.6     29.2      2    62,   62  /PD_TOP        (1.10)
i_0_11/i_192/A->ZN       INV_X8                  rf    990.3      6.9      6.9      0.0     15.3      0.3      4.2      1    62,   62  /PD_TOP        (1.10)
i_0_11/i_190/B1->ZN      AOI22_X4*               fr   1059.9     69.6     69.6      0.0      3.4      0.6     29.2      2    62,   62  /PD_TOP        (1.10)
i_0_11/i_189/A->ZN       INV_X8                  rf   1066.8      6.9      6.9      0.0     15.3      0.3      4.2      1    62,   62  /PD_TOP        (1.10)
i_0_11/i_187/B1->ZN      AOI22_X4*               fr   1136.4     69.6     69.6      0.0      3.4      0.6     29.2      2    62,   62  /PD_TOP        (1.10)
i_0_11/i_186/A->ZN       INV_X8                  rf   1143.3      6.9      6.9      0.0     15.3      0.3      4.2      1    62,   62  /PD_TOP        (1.10)
i_0_11/i_184/B1->ZN      AOI22_X4*               fr   1212.9     69.6     69.6      0.0      3.4      0.6     29.2      2    62,   62  /PD_TOP        (1.10)
i_0_11/i_183/A->ZN       INV_X8                  rf   1219.8      6.9      6.9      0.0     15.3      0.3      4.2      1    62,   62  /PD_TOP        (1.10)
i_0_11/i_181/B1->ZN      AOI22_X4*               fr   1289.4     69.6     69.6      0.0      3.4      0.6     29.2      2    62,   62  /PD_TOP        (1.10)
i_0_11/i_180/A->ZN       INV_X8                  rf   1296.3      6.9      6.9      0.0     15.3      0.3      4.2      1    62,   62  /PD_TOP        (1.10)
i_0_11/i_178/B1->ZN      AOI22_X4*               fr   1365.9     69.6     69.6      0.0      3.4      0.6     29.2      2    62,   62  /PD_TOP        (1.10)
i_0_11/i_177/A->ZN       INV_X8                  rf   1372.8      6.9      6.9      0.0     15.3      0.3      4.2      1    62,   62  /PD_TOP        (1.10)
i_0_11/i_175/B1->ZN      AOI22_X4*               fr   1442.4     69.6     69.6      0.0      3.4      0.6     29.2      2    62,   62  /PD_TOP        (1.10)
i_0_11/i_174/A->ZN       INV_X8                  rf   1449.3      6.9      6.9      0.0     15.3      0.3      4.2      1    62,   62  /PD_TOP        (1.10)
i_0_11/i_172/B1->ZN      AOI22_X4*               fr   1518.9     69.6     69.6      0.0      3.4      0.6     29.2      2    62,   62  /PD_TOP        (1.10)
i_0_11/i_171/A->ZN       INV_X8                  rf   1525.8      6.9      6.9      0.0     15.3      0.3      4.2      1    62,   62  /PD_TOP        (1.10)
i_0_11/i_169/B1->ZN      AOI22_X4*               fr   1595.4     69.6     69.6      0.0      3.4      0.6     29.2      2    62,   62  /PD_TOP        (1.10)
i_0_11/i_168/A->ZN       INV_X8                  rf   1602.3      6.9      6.9      0.0     15.3      0.3      4.2      1    62,   62  /PD_TOP        (1.10)
i_0_11/i_166/B1->ZN      AOI22_X4*               fr   1671.9     69.6     69.6      0.0      3.4      0.6     29.2      2    62,   62  /PD_TOP        (1.10)
i_0_11/i_165/A->ZN       INV_X8                  rf   1678.8      6.9      6.9      0.0     15.3      0.3      4.2      1    62,   62  /PD_TOP        (1.10)
i_0_11/i_163/B1->ZN      AOI22_X4*               fr   1748.4     69.6     69.6      0.0      3.4      0.6     29.2      2    62,   62  /PD_TOP        (1.10)
i_0_11/i_162/A->ZN       INV_X8                  rf   1755.3      6.9      6.9      0.0     15.3      0.3      4.2      1    62,   62  /PD_TOP        (1.10)
i_0_11/i_160/B1->ZN      AOI22_X4*               fr   1824.9     69.6     69.6      0.0      3.4      0.6     29.2      2    62,   62  /PD_TOP        (1.10)
i_0_11/i_159/A->ZN       INV_X8                  rf   1831.8      6.9      6.9      0.0     15.3      0.3      4.2      1    62,   62  /PD_TOP        (1.10)
i_0_11/i_157/B1->ZN      AOI22_X4                fr   1875.2     43.4     43.4      0.0      3.4      0.6      7.9      2    62,   62  /PD_TOP        (1.10)
i_0_11/i_155/B1->ZN      OAI21_X4                rf   1896.1     20.9     20.9      0.0     29.2      0.6      7.7      2    62,   62  /PD_TOP        (1.10)
i_0_11/i_154/A->ZN       OAI21_X4                fr   1917.0     20.9     20.9      0.0     10.8      0.3      4.3      1    62,   62  /PD_TOP        (1.10)
i_0_11/i_153/A->ZN       OAI21_X4                rf   1940.2     23.2     23.2      0.0     18.3      0.6      8.5      2    62,   62  /PD_TOP        (1.10)
i_0_11/i_152/B2->ZN      AOI22_X4*               fr   2018.3     78.1     78.1      0.0     11.1      0.6     29.2      2    62,   62  /PD_TOP        (1.10)
i_0_11/i_151/A->ZN       INV_X8                  rf   2025.2      6.9      6.9      0.0     15.3      0.3      4.2      1    62,   62  /PD_TOP        (1.10)
i_0_11/i_149/B1->ZN      AOI22_X4*               fr   2094.8     69.6     69.6      0.0      3.4      0.6     29.2      2    62,   62  /PD_TOP        (1.10)
i_0_11/i_148/A->ZN       INV_X8                  rf   2101.7      6.9      6.9      0.0     15.3      0.3      4.2      1    62,   62  /PD_TOP        (1.10)
i_0_11/i_146/B1->ZN      AOI22_X4*               fr   2171.3     69.6     69.6      0.0      3.4      0.6     29.2      2    62,   62  /PD_TOP        (1.10)
i_0_11/i_145/A->ZN       INV_X8                  rf   2178.2      6.9      6.9      0.0     15.3      0.3      4.2      1    62,   62  /PD_TOP        (1.10)
i_0_11/i_143/B1->ZN      AOI22_X4                fr   2221.8     43.6     43.6      0.0      3.4      0.6      8.1      2    62,   62  /PD_TOP        (1.10)
i_0_11/i_142/B2->ZN      AOI21_X4                rf   2243.5     21.7     21.7      0.0     29.4      0.6      8.5      2    62,   62  /PD_TOP        (1.10)
i_0_11/i_141/B2->ZN      AOI22_X4                fr   2294.5     51.0     51.0      0.0      9.4      0.6      7.8      2    62,   62  /PD_TOP        (1.10)
i_0_11/i_140/A2->ZN      NAND2_X4                rf   2311.7     17.2     17.2      0.0     29.1      0.3      4.2      1    62,   62  /PD_TOP        (1.10)
i_0_11/i_139/A->ZN       OAI21_X4                fr   2333.0     21.3     21.3      0.0      6.9      0.6      8.1      2    62,   62  /PD_TOP        (1.10)
i_0_11/i_138/B2->ZN      OAI21_X4                rf   2355.5     22.5     22.5      0.0     22.8      0.6      7.8      2    62,   62  /PD_TOP        (1.10)
i_0_11/i_136/B1->ZN      AOI22_X4                fr   2402.4     46.9     46.9      0.0     10.8      0.6      8.1      2    62,   62  /PD_TOP        (1.10)
i_0_11/i_135/B2->ZN      AOI21_X4                rf   2424.1     21.7     21.7      0.0     29.4      0.6      8.5      2    62,   62  /PD_TOP        (1.10)
i_0_11/i_134/B2->ZN      AOI22_X4                fr   2475.1     51.0     51.0      0.0      9.4      0.6      7.8      2    62,   62  /PD_TOP        (1.10)
i_0_11/i_133/A2->ZN      NAND2_X4                rf   2492.3     17.2     17.2      0.0     29.1      0.3      4.2      1    62,   62  /PD_TOP        (1.10)
i_0_11/i_132/A->ZN       OAI21_X4                fr   2513.6     21.3     21.3      0.0      6.9      0.6      8.1      2    62,   62  /PD_TOP        (1.10)
i_0_11/i_131/B2->ZN      OAI21_X4                rf   2536.1     22.5     22.5      0.0     22.8      0.6      7.8      2    62,   62  /PD_TOP        (1.10)
i_0_11/i_129/B1->ZN      AOI22_X4                fr   2583.0     46.9     46.9      0.0     10.8      0.6      8.1      2    62,   62  /PD_TOP        (1.10)
i_0_11/i_128/B2->ZN      AOI21_X4                rf   2604.7     21.7     21.7      0.0     29.4      0.6      8.5      2    62,   62  /PD_TOP        (1.10)
i_0_11/i_127/B2->ZN      AOI22_X4                fr   2655.7     51.0     51.0      0.0      9.4      0.6      7.8      2    62,   62  /PD_TOP        (1.10)
i_0_11/i_126/A2->ZN      NAND2_X4                rf   2672.9     17.2     17.2      0.0     29.1      0.3      4.2      1    62,   62  /PD_TOP        (1.10)
i_0_11/i_125/A->ZN       OAI21_X4                fr   2694.2     21.3     21.3      0.0      6.9      0.6      8.1      2    62,   62  /PD_TOP        (1.10)
i_0_11/i_124/B2->ZN      OAI21_X4                rf   2716.7     22.5     22.5      0.0     22.8      0.6      7.8      2    62,   62  /PD_TOP        (1.10)
i_0_11/i_122/B1->ZN      AOI22_X4                fr   2763.6     46.9     46.9      0.0     10.8      0.6      8.1      2    62,   62  /PD_TOP        (1.10)
i_0_11/i_121/B2->ZN      AOI21_X4                rf   2785.3     21.7     21.7      0.0     29.4      0.6      8.5      2    62,   62  /PD_TOP        (1.10)
i_0_11/i_120/B2->ZN      AOI22_X4                fr   2836.3     51.0     51.0      0.0      9.4      0.6      7.8      2    62,   62  /PD_TOP        (1.10)
i_0_11/i_119/A2->ZN      NAND2_X4                rf   2853.5     17.2     17.2      0.0     29.1      0.3      4.2      1    62,   62  /PD_TOP        (1.10)
i_0_11/i_118/A->ZN       OAI21_X4                fr   2874.8     21.3     21.3      0.0      6.9      0.6      8.1      2    62,   62  /PD_TOP        (1.10)
i_0_11/i_117/B2->ZN      OAI21_X4                rf   2897.3     22.5     22.5      0.0     22.8      0.6      7.8      2    62,   62  /PD_TOP        (1.10)
i_0_11/i_115/B1->ZN      AOI22_X4                fr   2944.2     46.9     46.9      0.0     10.8      0.6      8.1      2    62,   62  /PD_TOP        (1.10)
i_0_11/i_114/B2->ZN      AOI21_X4                rf   2965.9     21.7     21.7      0.0     29.4      0.6      8.5      2    62,   62  /PD_TOP        (1.10)
i_0_11/i_113/B2->ZN      AOI22_X4                fr   3016.9     51.0     51.0      0.0      9.4      0.6      7.8      2    62,   62  /PD_TOP        (1.10)
i_0_11/i_112/A2->ZN      NAND2_X4                rf   3034.1     17.2     17.2      0.0     29.1      0.3      4.2      1    62,   62  /PD_TOP        (1.10)
i_0_11/i_111/A->ZN       OAI21_X4                fr   3055.4     21.3     21.3      0.0      6.9      0.6      8.1      2    62,   62  /PD_TOP        (1.10)
i_0_11/i_110/B2->ZN      OAI21_X4                rf   3077.9     22.5     22.5      0.0     22.8      0.6      7.8      2    62,   62  /PD_TOP        (1.10)
i_0_11/i_108/B1->ZN      AOI22_X4                fr   3124.8     46.9     46.9      0.0     10.8      0.6      8.1      2    62,   62  /PD_TOP        (1.10)
i_0_11/i_107/B2->ZN      AOI21_X4                rf   3146.5     21.7     21.7      0.0     29.4      0.6      8.5      2    62,   62  /PD_TOP        (1.10)
i_0_11/i_106/B2->ZN      AOI22_X4                fr   3197.5     51.0     51.0      0.0      9.4      0.6      7.8      2    62,   62  /PD_TOP        (1.10)
i_0_11/i_105/A2->ZN      NAND2_X4                rf   3214.7     17.2     17.2      0.0     29.1      0.3      4.2      1    62,   62  /PD_TOP        (1.10)
i_0_11/i_104/A->ZN       OAI21_X4                fr   3236.0     21.3     21.3      0.0      6.9      0.6      8.1      2    62,   62  /PD_TOP        (1.10)
i_0_11/i_103/B2->ZN      OAI21_X4                rf   3258.5     22.5     22.5      0.0     22.8      0.6      7.8      2    62,   62  /PD_TOP        (1.10)
i_0_11/i_101/B1->ZN      AOI22_X4                fr   3305.4     46.9     46.9      0.0     10.8      0.6      8.1      2    62,   62  /PD_TOP        (1.10)
i_0_11/i_100/B2->ZN      AOI21_X4                rf   3327.1     21.7     21.7      0.0     29.4      0.6      8.5      2    62,   62  /PD_TOP        (1.10)
i_0_11/i_99/B2->ZN       AOI22_X4                fr   3378.1     51.0     51.0      0.0      9.4      0.6      7.8      2    62,   62  /PD_TOP        (1.10)
i_0_11/i_98/A2->ZN       NAND2_X4                rf   3395.3     17.2     17.2      0.0     29.1      0.3      4.2      1    62,   62  /PD_TOP        (1.10)
i_0_11/i_97/A->ZN        OAI21_X4                fr   3416.6     21.3     21.3      0.0      6.9      0.6      8.1      2    62,   62  /PD_TOP        (1.10)
i_0_11/i_96/B2->ZN       OAI21_X4                rf   3439.1     22.5     22.5      0.0     22.8      0.6      7.8      2    62,   62  /PD_TOP        (1.10)
i_0_11/i_94/B1->ZN       AOI22_X4                fr   3486.0     46.9     46.9      0.0     10.8      0.6      8.1      2    62,   62  /PD_TOP        (1.10)
i_0_11/i_93/B2->ZN       AOI21_X4                rf   3507.7     21.7     21.7      0.0     29.4      0.6      8.5      2    62,   62  /PD_TOP        (1.10)
i_0_11/i_92/B2->ZN       AOI22_X4                fr   3558.7     51.0     51.0      0.0      9.4      0.6      7.8      2    62,   62  /PD_TOP        (1.10)
i_0_11/i_91/A2->ZN       NAND2_X4                rf   3575.9     17.2     17.2      0.0     29.1      0.3      4.2      1    62,   62  /PD_TOP        (1.10)
i_0_11/i_90/A->ZN        OAI21_X4                fr   3597.2     21.3     21.3      0.0      6.9      0.6      8.1      2    62,   62  /PD_TOP        (1.10)
i_0_11/i_89/B2->ZN       OAI21_X4                rf   3619.7     22.5     22.5      0.0     22.8      0.6      7.8      2    62,   62  /PD_TOP        (1.10)
i_0_11/i_87/B1->ZN       AOI22_X4                fr   3666.2     46.5     46.5      0.0     10.8      0.6      7.8      2    62,   62  /PD_TOP        (1.10)
i_0_11/i_86/A2->ZN       NAND2_X4                rf   3683.4     17.2     17.2      0.0     29.1      0.3      4.2      1    62,   62  /PD_TOP        (1.10)
i_0_11/i_85/A->ZN        OAI21_X4                fr   3704.7     21.3     21.3      0.0      6.9      0.6      8.1      2    62,   62  /PD_TOP        (1.10)
i_0_11/i_84/B2->ZN       OAI21_X4                rf   3724.5     19.8     19.8      0.0     22.8      0.3      3.6      1    62,   62  /PD_TOP        (1.10)
i_0_11/i_82/A->Z         XOR2_X2                 ff   3779.2     54.7     54.7      0.0      9.1      0.6      6.0      2    62,   62  /PD_TOP        (1.10)
i_0_0_179/A2->ZN         AOI22_X4                fr   3844.9     65.7     65.7      0.0     13.5      0.3     25.8      1    62,   62  /PD_TOP        (1.10)
i_0_0_180/A->ZN          INV_X4                  rf   3849.5      4.6      4.6      0.0     50.3      0.3      1.4      1    62,   62  /PD_TOP        (1.10)
c_reg[63]/D              DFF_X1                   f   3849.5      0.0               0.0      3.2                             62,   62  /PD_TOP        (1.10)
------------------------------------------------------------------------------------------------------------------------------------------------------------
Report for group I2R
------------------------------------------------------------------------------------------------------------------------------------------------------------
Startpoint: start
    (Clocked by sysclk R)
Endpoint: c_reg[63]/D
    (Clocked by sysclk R)
Path Group: I2R
Data required time: 3962.0
    (Clock shift: 4000.0, minus Uncertainty: 0.0, plus Latency 0.0, minus Setup time: 38.0)
Data arrival time: 358.1
Slack: 3603.9
Logic depth: 4
------------------------------------------------------------------------------------------------------------------------------------------------------------
                                                     Arrival               Arc      Net               Net    Total   fan-                                   
Path                     Module/Cell           Edge     Time    Delay    Delay    Delay     Slew     Load     Load    out     Location Power Domain      (V)
                                                        (ps)     (ps)     (ps)     (ps)     (ps)     (ff)     (ff)    (#)      (um,um)                      
------------------------------------------------------------------------------------------------------------------------------------------------------------
start                    {set_input_delay}        r    200.0    200.0    200.0                        9.1    100.6     19     0,   59                       
i_0_0_6/A->ZN            INV_X8                  rf    208.4      7.9      7.9      0.0      0.0      2.2     28.3      7    62,   62  /PD_TOP        (1.10)
i_0_0_50/A2->ZN          AND2_X4*                ff    291.0     82.6     82.5      0.1      6.2     24.1    284.4     65    62,   62  /PD_TOP        (1.10)
i_0_0_179/A1->ZN         AOI22_X4                fr    353.5     62.5     61.4      1.1     15.3      0.3     25.8      1    62,   62  /PD_TOP        (1.10)
i_0_0_180/A->ZN          INV_X4                  rf    358.1      4.6      4.6      0.0     50.3      0.3      1.4      1    62,   62  /PD_TOP        (1.10)
c_reg[63]/D              DFF_X1                   f    358.1      0.5               0.5      3.2                             62,   62  /PD_TOP        (1.10)
------------------------------------------------------------------------------------------------------------------------------------------------------------
Report for group I2O
Report for group R2O
------------------------------------------------------------------------------------------------------------------------------------------------------------
Startpoint: r2/my_reg_reg[57]/Q
    (Clocked by sysclk F)
Endpoint: read_data3[57]
    (Clocked by sysclk R)
Path Group: R2O
Data required time: 1500.0
    (Clock shift: 2000.0, minus Uncertainty: 0.0, plus Latency 0.0, minus Out delay: 500.0)
Data arrival time: 97.4
Slack: 1402.6
Logic depth: 0
------------------------------------------------------------------------------------------------------------------------------------------------------------
                                                     Arrival               Arc      Net               Net    Total   fan-                                   
Path                     Module/Cell           Edge     Time    Delay    Delay    Delay     Slew     Load     Load    out     Location Power Domain      (V)
                                                        (ps)     (ps)     (ps)     (ps)     (ps)     (ff)     (ff)    (#)      (um,um)                      
------------------------------------------------------------------------------------------------------------------------------------------------------------
clk                      {create_clock}           f      0.0      0.0      0.0                        0.0      0.0     69    62,    0                       
r2/i_0_0/A->ZN           INV_X1                  fr      0.0      0.0      0.0      0.0      0.0      0.0      0.0     64    62,   62  /PD_TOP        (1.10)
r2/my_reg_reg[57]/CK->Q  DFF_X1                  rf     96.8     96.8     96.8      0.0      0.0      4.0     14.0      1    62,   62  /PD_TOP        (1.10)
read_data3[57]                                    f     97.4      0.6               0.6     18.0                             53,    0                       
------------------------------------------------------------------------------------------------------------------------------------------------------------
