Report End Points: 
-----+-------+------+-------+------+-----+-----+------+-----------+-------------------
     |Group  |Launch|Capture|Shift |Delay|Depth|Slack |Begin Point|End Point          
-----+-------+------+-------+------+-----+-----+------+-----------+-------------------
1    |default|sysclk|sysclk |2000.0|749.5|   20|1116.3|c_reg[0]/Q |r2/my_reg_reg[49]/D
2    |default|sysclk|sysclk |2000.0|747.4|   20|1118.4|c_reg[0]/Q |r2/my_reg_reg[50]/D
3    |default|sysclk|sysclk |2000.0|687.9|   19|1177.9|c_reg[0]/Q |r2/my_reg_reg[48]/D
-----+-------+------+-------+------+-----+-----+------+-----------+-------------------
Report End Points: 
-----+-----+--------------+-------+------+-----+-----+------+-----------+-------------
     |Group|Launch        |Capture|Shift |Delay|Depth|Slack |Begin Point|End Point    
-----+-----+--------------+-------+------+-----+-----+------+-----------+-------------
1    |I2R  |rtDefaultClock|sysclk |4000.0|180.4|    4|3780.1|start      |sum_reg[1]/D 
2    |I2R  |rtDefaultClock|sysclk |4000.0|180.6|    5|3783.5|start      |sum_reg[61]/D
3    |I2R  |rtDefaultClock|sysclk |4000.0|180.6|    5|3783.5|start      |sum_reg[60]/D
-----+-----+--------------+-------+------+-----+-----+------+-----------+-------------
Report End Points: 
-----+-----+------+-------+-----+-----+-----+-----+-----------+---------
     |Group|Launch|Capture|Shift|Delay|Depth|Slack|Begin Point|End Point
-----+-----+------+-------+-----+-----+-----+-----+-----------+---------
1    |I2O  |      |       |     |     |     |     |           |         
-----+-----+------+-------+-----+-----+-----+-----+-----------+---------
Report End Points: 
-----+-----+------+-------+------+-----+-----+------+-------------------+--------------
     |Group|Launch|Capture|Shift |Delay|Depth|Slack |Begin Point        |End Point     
-----+-----+------+-------+------+-----+-----+------+-------------------+--------------
1    |R2O  |sysclk|sysclk |2000.0|  0.6|    0|1402.8|r2/my_reg_reg[62]/Q|read_data3[62]
2    |R2O  |sysclk|sysclk |2000.0|  0.6|    0|1402.8|r2/my_reg_reg[61]/Q|read_data3[61]
3    |R2O  |sysclk|sysclk |2000.0|  0.6|    0|1402.8|r2/my_reg_reg[60]/Q|read_data3[60]
-----+-----+------+-------+------+-----+-----+------+-------------------+--------------
